Archive member included to satisfy reference by file (symbol)

c:/ac6/systemworkbench/plugins/fr.ac6.mcu.externaltools.arm-none.win32_1.16.0.201807130628/tools/compiler/bin/../lib/gcc/arm-none-eabi/7.2.1/../../../../arm-none-eabi/lib/thumb/v7-m\libc_nano.a(lib_a-exit.o)
                              c:/ac6/systemworkbench/plugins/fr.ac6.mcu.externaltools.arm-none.win32_1.16.0.201807130628/tools/compiler/bin/../lib/gcc/arm-none-eabi/7.2.1/../../../../arm-none-eabi/lib/thumb/v7-m/crt0.o (exit)
c:/ac6/systemworkbench/plugins/fr.ac6.mcu.externaltools.arm-none.win32_1.16.0.201807130628/tools/compiler/bin/../lib/gcc/arm-none-eabi/7.2.1/../../../../arm-none-eabi/lib/thumb/v7-m\libc_nano.a(lib_a-impure.o)
                              c:/ac6/systemworkbench/plugins/fr.ac6.mcu.externaltools.arm-none.win32_1.16.0.201807130628/tools/compiler/bin/../lib/gcc/arm-none-eabi/7.2.1/../../../../arm-none-eabi/lib/thumb/v7-m\libc_nano.a(lib_a-exit.o) (_global_impure_ptr)
c:/ac6/systemworkbench/plugins/fr.ac6.mcu.externaltools.arm-none.win32_1.16.0.201807130628/tools/compiler/bin/../lib/gcc/arm-none-eabi/7.2.1/../../../../arm-none-eabi/lib/thumb/v7-m\libc_nano.a(lib_a-init.o)
                              c:/ac6/systemworkbench/plugins/fr.ac6.mcu.externaltools.arm-none.win32_1.16.0.201807130628/tools/compiler/bin/../lib/gcc/arm-none-eabi/7.2.1/../../../../arm-none-eabi/lib/thumb/v7-m/crt0.o (__libc_init_array)
c:/ac6/systemworkbench/plugins/fr.ac6.mcu.externaltools.arm-none.win32_1.16.0.201807130628/tools/compiler/bin/../lib/gcc/arm-none-eabi/7.2.1/../../../../arm-none-eabi/lib/thumb/v7-m\libc_nano.a(lib_a-memset.o)
                              c:/ac6/systemworkbench/plugins/fr.ac6.mcu.externaltools.arm-none.win32_1.16.0.201807130628/tools/compiler/bin/../lib/gcc/arm-none-eabi/7.2.1/../../../../arm-none-eabi/lib/thumb/v7-m/crt0.o (memset)
c:/ac6/systemworkbench/plugins/fr.ac6.mcu.externaltools.arm-none.win32_1.16.0.201807130628/tools/compiler/bin/../lib/gcc/arm-none-eabi/7.2.1/../../../../arm-none-eabi/lib/thumb/v7-m\libc_nano.a(lib_a-printf.o)
                              Src/dev/sensor/hc_06.o (printf)
c:/ac6/systemworkbench/plugins/fr.ac6.mcu.externaltools.arm-none.win32_1.16.0.201807130628/tools/compiler/bin/../lib/gcc/arm-none-eabi/7.2.1/../../../../arm-none-eabi/lib/thumb/v7-m\libc_nano.a(lib_a-puts.o)
                              Src/main.o (puts)
c:/ac6/systemworkbench/plugins/fr.ac6.mcu.externaltools.arm-none.win32_1.16.0.201807130628/tools/compiler/bin/../lib/gcc/arm-none-eabi/7.2.1/../../../../arm-none-eabi/lib/thumb/v7-m\libc_nano.a(lib_a-sprintf.o)
                              Src/dev/sensor/hc_06.o (sprintf)
c:/ac6/systemworkbench/plugins/fr.ac6.mcu.externaltools.arm-none.win32_1.16.0.201807130628/tools/compiler/bin/../lib/gcc/arm-none-eabi/7.2.1/../../../../arm-none-eabi/lib/thumb/v7-m\libc_nano.a(lib_a-strlen.o)
                              Src/dev/sensor/hc_06.o (strlen)
c:/ac6/systemworkbench/plugins/fr.ac6.mcu.externaltools.arm-none.win32_1.16.0.201807130628/tools/compiler/bin/../lib/gcc/arm-none-eabi/7.2.1/../../../../arm-none-eabi/lib/thumb/v7-m\libc_nano.a(lib_a-wbuf.o)
                              c:/ac6/systemworkbench/plugins/fr.ac6.mcu.externaltools.arm-none.win32_1.16.0.201807130628/tools/compiler/bin/../lib/gcc/arm-none-eabi/7.2.1/../../../../arm-none-eabi/lib/thumb/v7-m\libc_nano.a(lib_a-puts.o) (__swbuf_r)
c:/ac6/systemworkbench/plugins/fr.ac6.mcu.externaltools.arm-none.win32_1.16.0.201807130628/tools/compiler/bin/../lib/gcc/arm-none-eabi/7.2.1/../../../../arm-none-eabi/lib/thumb/v7-m\libc_nano.a(lib_a-wsetup.o)
                              c:/ac6/systemworkbench/plugins/fr.ac6.mcu.externaltools.arm-none.win32_1.16.0.201807130628/tools/compiler/bin/../lib/gcc/arm-none-eabi/7.2.1/../../../../arm-none-eabi/lib/thumb/v7-m\libc_nano.a(lib_a-puts.o) (__swsetup_r)
c:/ac6/systemworkbench/plugins/fr.ac6.mcu.externaltools.arm-none.win32_1.16.0.201807130628/tools/compiler/bin/../lib/gcc/arm-none-eabi/7.2.1/../../../../arm-none-eabi/lib/thumb/v7-m\libc_nano.a(lib_a-fflush.o)
                              c:/ac6/systemworkbench/plugins/fr.ac6.mcu.externaltools.arm-none.win32_1.16.0.201807130628/tools/compiler/bin/../lib/gcc/arm-none-eabi/7.2.1/../../../../arm-none-eabi/lib/thumb/v7-m\libc_nano.a(lib_a-wbuf.o) (_fflush_r)
c:/ac6/systemworkbench/plugins/fr.ac6.mcu.externaltools.arm-none.win32_1.16.0.201807130628/tools/compiler/bin/../lib/gcc/arm-none-eabi/7.2.1/../../../../arm-none-eabi/lib/thumb/v7-m\libc_nano.a(lib_a-findfp.o)
                              c:/ac6/systemworkbench/plugins/fr.ac6.mcu.externaltools.arm-none.win32_1.16.0.201807130628/tools/compiler/bin/../lib/gcc/arm-none-eabi/7.2.1/../../../../arm-none-eabi/lib/thumb/v7-m\libc_nano.a(lib_a-printf.o) (__sinit)
c:/ac6/systemworkbench/plugins/fr.ac6.mcu.externaltools.arm-none.win32_1.16.0.201807130628/tools/compiler/bin/../lib/gcc/arm-none-eabi/7.2.1/../../../../arm-none-eabi/lib/thumb/v7-m\libc_nano.a(lib_a-fwalk.o)
[...]
Memory Configuration

Name             Origin             Length             Attributes
RAM              0x20000000         0x00005000         xrw
FLASH            0x08000000         0x00020000         xr
*default*        0x00000000         0xffffffff

Linker script and memory map

LOAD c:/ac6/systemworkbench/plugins/fr.ac6.mcu.externaltools.arm-none.win32_1.16.0.201807130628/tools/compiler/bin/../lib/gcc/arm-none-eabi/7.2.1/thumb/v7-m/crti.o
LOAD c:/ac6/systemworkbench/plugins/fr.ac6.mcu.externaltools.arm-none.win32_1.16.0.201807130628/tools/compiler/bin/../lib/gcc/arm-none-eabi/7.2.1/thumb/v7-m/crtbegin.o
LOAD c:/ac6/systemworkbench/plugins/fr.ac6.mcu.externaltools.arm-none.win32_1.16.0.201807130628/tools/compiler/bin/../lib/gcc/arm-none-eabi/7.2.1/../../../../arm-none-eabi/lib/thumb/v7-m/crt0.o
LOAD Drivers/STM32F1xx_HAL_Driver/stm32f1xx_hal.o
LOAD Drivers/STM32F1xx_HAL_Driver/stm32f1xx_hal_cortex.o
LOAD Drivers/STM32F1xx_HAL_Driver/stm32f1xx_hal_dma.o
LOAD Drivers/STM32F1xx_HAL_Driver/stm32f1xx_hal_flash.o
LOAD Drivers/STM32F1xx_HAL_Driver/stm32f1xx_hal_flash_ex.o
LOAD Drivers/STM32F1xx_HAL_Driver/stm32f1xx_hal_gpio.o
LOAD Drivers/STM32F1xx_HAL_Driver/stm32f1xx_hal_gpio_ex.o
LOAD Drivers/STM32F1xx_HAL_Driver/stm32f1xx_hal_i2c.o
LOAD Drivers/STM32F1xx_HAL_Driver/stm32f1xx_hal_pwr.o
LOAD Drivers/STM32F1xx_HAL_Driver/stm32f1xx_hal_rcc.o
LOAD Drivers/STM32F1xx_HAL_Driver/stm32f1xx_hal_rcc_ex.o
LOAD Drivers/STM32F1xx_HAL_Driver/stm32f1xx_hal_spi.o
LOAD Drivers/STM32F1xx_HAL_Driver/stm32f1xx_hal_spi_ex.o
LOAD Drivers/STM32F1xx_HAL_Driver/stm32f1xx_hal_tim.o
LOAD Drivers/STM32F1xx_HAL_Driver/stm32f1xx_hal_tim_ex.o
LOAD Drivers/STM32F1xx_HAL_Driver/stm32f1xx_hal_uart.o
LOAD Src/dev/sensor/hc_06.o
LOAD Src/main.o
LOAD Src/stm32f1xx_hal_msp.o
LOAD Src/stm32f1xx_it.o
LOAD Src/system_stm32f1xx.o
LOAD startup/startup_stm32f103xb.o
LOAD c:/ac6/systemworkbench/plugins/fr.ac6.mcu.externaltools.arm-none.win32_1.16.0.201807130628/tools/compiler/bin/../lib/gcc/arm-none-eabi/7.2.1/../../../../arm-none-eabi/lib/thumb/v7-m\libm.a
START GROUP
LOAD c:/ac6/systemworkbench/plugins/fr.ac6.mcu.externaltools.arm-none.win32_1.16.0.201807130628/tools/compiler/bin/../lib/gcc/arm-none-eabi/7.2.1/thumb/v7-m\libgcc.a
LOAD c:/ac6/systemworkbench/plugins/fr.ac6.mcu.externaltools.arm-none.win32_1.16.0.201807130628/tools/compiler/bin/../lib/gcc/arm-none-eabi/7.2.1/../../../../arm-none-eabi/lib/thumb/v7-m\libc_nano.a
END GROUP
START GROUP
LOAD c:/ac6/systemworkbench/plugins/fr.ac6.mcu.externaltools.arm-none.win32_1.16.0.201807130628/tools/compiler/bin/../lib/gcc/arm-none-eabi/7.2.1/thumb/v7-m\libgcc.a
LOAD c:/ac6/systemworkbench/plugins/fr.ac6.mcu.externaltools.arm-none.win32_1.16.0.201807130628/tools/compiler/bin/../lib/gcc/arm-none-eabi/7.2.1/../../../../arm-none-eabi/lib/thumb/v7-m\libc_nano.a
LOAD c:/ac6/systemworkbench/plugins/fr.ac6.mcu.externaltools.arm-none.win32_1.16.0.201807130628/tools/compiler/bin/../lib/gcc/arm-none-eabi/7.2.1/../../../../arm-none-eabi/lib/thumb/v7-m\libnosys.a
END GROUP
START GROUP
LOAD c:/ac6/systemworkbench/plugins/fr.ac6.mcu.externaltools.arm-none.win32_1.16.0.201807130628/tools/compiler/bin/../lib/gcc/arm-none-eabi/7.2.1/thumb/v7-m\libgcc.a
LOAD c:/ac6/systemworkbench/plugins/fr.ac6.mcu.externaltools.arm-none.win32_1.16.0.201807130628/tools/compiler/bin/../lib/gcc/arm-none-eabi/7.2.1/../../../../arm-none-eabi/lib/thumb/v7-m\libc_nano.a
LOAD c:/ac6/systemworkbench/plugins/fr.ac6.mcu.externaltools.arm-none.win32_1.16.0.201807130628/tools/compiler/bin/../lib/gcc/arm-none-eabi/7.2.1/../../../../arm-none-eabi/lib/thumb/v7-m\libnosys.a
END GROUP
LOAD c:/ac6/systemworkbench/plugins/fr.ac6.mcu.externaltools.arm-none.win32_1.16.0.201807130628/tools/compiler/bin/../lib/gcc/arm-none-eabi/7.2.1/thumb/v7-m/crtend.o
LOAD c:/ac6/systemworkbench/plugins/fr.ac6.mcu.externaltools.arm-none.win32_1.16.0.201807130628/tools/compiler/bin/../lib/gcc/arm-none-eabi/7.2.1/thumb/v7-m/crtn.o
                0x20005000                _estack = 0x20005000
                0x00000200                _Min_Heap_Size = 0x200
                0x00000400                _Min_Stack_Size = 0x400

.isr_vector     0x08000000      0x10c
                0x08000000                . = ALIGN (0x4)
 *(.isr_vector)
 .isr_vector    0x08000000      0x10c startup/startup_stm32f103xb.o
                0x08000000                g_pfnVectors
                0x0800010c                . = ALIGN (0x4)

.text           0x0800010c     0x3344
                0x0800010c                . = ALIGN (0x4)
 *(.text)
 .text          0x0800010c       0x40 c:/ac6/systemworkbench/plugins/fr.ac6.mcu.externaltools.arm-none.win32_1.16.0.201807130628/tools/compiler/bin/../lib/gcc/arm-none-eabi/7.2.1/thumb/v7-m/crtbegin.o
 .text          0x0800014c       0x10 c:/ac6/systemworkbench/plugins/fr.ac6.mcu.externaltools.arm-none.win32_1.16.0.201807130628/tools/compiler/bin/../lib/gcc/arm-none-eabi/7.2.1/../../../../arm-none-eabi/lib/thumb/v7-m\libc_nano.a(lib_a-strlen.o)
                0x0800014c                strlen
 *(.text*)
 .text.HAL_InitTick
                0x0800015c       0x48 Drivers/STM32F1xx_HAL_Driver/stm32f1xx_hal.o
                0x0800015c                HAL_InitTick
 .text.HAL_Init
                0x080001a4       0x24 Drivers/STM32F1xx_HAL_Driver/stm32f1xx_hal.o
                0x080001a4                HAL_Init
 .text.HAL_IncTick
                0x080001c8       0x18 Drivers/STM32F1xx_HAL_Driver/stm32f1xx_hal.o
                0x080001c8                HAL_IncTick
 .text.HAL_GetTick
                0x080001e0        0xc Drivers/STM32F1xx_HAL_Driver/stm32f1xx_hal.o
                0x080001e0                HAL_GetTick
 .text.HAL_NVIC_SetPriorityGrouping
                0x080001ec       0x24 Drivers/STM32F1xx_HAL_Driver/stm32f1xx_hal_cortex.o
                0x080001ec                HAL_NVIC_SetPriorityGrouping
 .text.HAL_NVIC_SetPriority
                0x08000210       0x68 Drivers/STM32F1xx_HAL_Driver/stm32f1xx_hal_cortex.o
                0x08000210                HAL_NVIC_SetPriority
 .text.HAL_NVIC_EnableIRQ
                0x08000278       0x18 Drivers/STM32F1xx_HAL_Driver/stm32f1xx_hal_cortex.o
                0x08000278                HAL_NVIC_EnableIRQ
 .text.HAL_SYSTICK_Config
                0x08000290       0x2c Drivers/STM32F1xx_HAL_Driver/stm32f1xx_hal_cortex.o
                0x08000290                HAL_SYSTICK_Config
 .text.HAL_SYSTICK_CLKSourceConfig
                0x080002bc       0x20 Drivers/STM32F1xx_HAL_Driver/stm32f1xx_hal_cortex.o
                0x080002bc                HAL_SYSTICK_CLKSourceConfig
 .text.HAL_SYSTICK_Callback
                0x080002dc        0x2 Drivers/STM32F1xx_HAL_Driver/stm32f1xx_hal_cortex.o
                0x080002dc                HAL_SYSTICK_Callback
 .text.HAL_SYSTICK_IRQHandler
                0x080002de        0x8 Drivers/STM32F1xx_HAL_Driver/stm32f1xx_hal_cortex.o
                0x080002de                HAL_SYSTICK_IRQHandler
 *fill*         0x080002e6        0x2 
 .text.HAL_DMA_Abort_IT
                0x080002e8       0x98 Drivers/STM32F1xx_HAL_Driver/stm32f1xx_hal_dma.o
                0x080002e8                HAL_DMA_Abort_IT
 .text.HAL_GPIO_Init
                0x08000380      0x1d4 Drivers/STM32F1xx_HAL_Driver/stm32f1xx_hal_gpio.o
                0x08000380                HAL_GPIO_Init
 .text.HAL_GPIO_WritePin
                0x08000554        0xc Drivers/STM32F1xx_HAL_Driver/stm32f1xx_hal_gpio.o
                0x08000554                HAL_GPIO_WritePin
 .text.HAL_GPIO_EXTI_Callback
                0x08000560        0x2 Drivers/STM32F1xx_HAL_Driver/stm32f1xx_hal_gpio.o
                0x08000560                HAL_GPIO_EXTI_Callback
 *fill*         0x08000562        0x2 
 .text.HAL_GPIO_EXTI_IRQHandler
                0x08000564       0x1c Drivers/STM32F1xx_HAL_Driver/stm32f1xx_hal_gpio.o
                0x08000564                HAL_GPIO_EXTI_IRQHandler
 .text.HAL_I2C_Init
                0x08000580      0x168 Drivers/STM32F1xx_HAL_Driver/stm32f1xx_hal_i2c.o
                0x08000580                HAL_I2C_Init
 .text.RCC_Delay
                0x080006e8       0x2c Drivers/STM32F1xx_HAL_Driver/stm32f1xx_hal_rcc.o
 .text.HAL_RCC_OscConfig
                0x08000714      0x3dc Drivers/STM32F1xx_HAL_Driver/stm32f1xx_hal_rcc.o
                0x08000714                HAL_RCC_OscConfig
 .text.HAL_RCC_GetSysClockFreq
                0x08000af0       0x70 Drivers/STM32F1xx_HAL_Driver/stm32f1xx_hal_rcc.o
                0x08000af0                HAL_RCC_GetSysClockFreq
 .text.HAL_RCC_ClockConfig
                0x08000b60      0x178 Drivers/STM32F1xx_HAL_Driver/stm32f1xx_hal_rcc.o
                0x08000b60                HAL_RCC_ClockConfig
 .text.HAL_RCC_GetHCLKFreq
                0x08000cd8        0xc Drivers/STM32F1xx_HAL_Driver/stm32f1xx_hal_rcc.o
                0x08000cd8                HAL_RCC_GetHCLKFreq
 .text.HAL_RCC_GetPCLK1Freq
                0x08000ce4       0x20 Drivers/STM32F1xx_HAL_Driver/stm32f1xx_hal_rcc.o
                0x08000ce4                HAL_RCC_GetPCLK1Freq
 .text.HAL_RCC_GetPCLK2Freq
                0x08000d04       0x20 Drivers/STM32F1xx_HAL_Driver/stm32f1xx_hal_rcc.o
                0x08000d04                HAL_RCC_GetPCLK2Freq
 .text.HAL_SPI_Init
                0x08000d24       0x82 Drivers/STM32F1xx_HAL_Driver/stm32f1xx_hal_spi_ex.o
                0x08000d24                HAL_SPI_Init
 *fill*         0x08000da6        0x2 
 .text.TIM_OC1_SetConfig
                0x08000da8       0x5c Drivers/STM32F1xx_HAL_Driver/stm32f1xx_hal_tim.o
 .text.TIM_OC3_SetConfig
                0x08000e04       0x64 Drivers/STM32F1xx_HAL_Driver/stm32f1xx_hal_tim.o
 .text.TIM_OC4_SetConfig
                0x08000e68       0x48 Drivers/STM32F1xx_HAL_Driver/stm32f1xx_hal_tim.o
 .text.HAL_TIM_PeriodElapsedCallback
                0x08000eb0        0x2 Drivers/STM32F1xx_HAL_Driver/stm32f1xx_hal_tim.o
                0x08000eb0                HAL_TIM_PeriodElapsedCallback
 .text.HAL_TIM_OC_DelayElapsedCallback
                0x08000eb2        0x2 Drivers/STM32F1xx_HAL_Driver/stm32f1xx_hal_tim.o
                0x08000eb2                HAL_TIM_OC_DelayElapsedCallback
 .text.HAL_TIM_IC_CaptureCallback
                0x08000eb4        0x2 Drivers/STM32F1xx_HAL_Driver/stm32f1xx_hal_tim.o
                0x08000eb4                HAL_TIM_IC_CaptureCallback
 .text.HAL_TIM_PWM_PulseFinishedCallback
                0x08000eb6        0x2 Drivers/STM32F1xx_HAL_Driver/stm32f1xx_hal_tim.o
                0x08000eb6                HAL_TIM_PWM_PulseFinishedCallback
 .text.HAL_TIM_TriggerCallback
                0x08000eb8        0x2 Drivers/STM32F1xx_HAL_Driver/stm32f1xx_hal_tim.o
                0x08000eb8                HAL_TIM_TriggerCallback
 .text.HAL_TIM_IRQHandler
                0x08000eba      0x17a Drivers/STM32F1xx_HAL_Driver/stm32f1xx_hal_tim.o
                0x08000eba                HAL_TIM_IRQHandler
 .text.TIM_Base_SetConfig
                0x08001034       0x74 Drivers/STM32F1xx_HAL_Driver/stm32f1xx_hal_tim.o
                0x08001034                TIM_Base_SetConfig
 .text.HAL_TIM_PWM_Init
                0x080010a8       0x32 Drivers/STM32F1xx_HAL_Driver/stm32f1xx_hal_tim.o
                0x080010a8                HAL_TIM_PWM_Init
 *fill*         0x080010da        0x2 
 .text.TIM_OC2_SetConfig
                0x080010dc       0x64 Drivers/STM32F1xx_HAL_Driver/stm32f1xx_hal_tim.o
                0x080010dc                TIM_OC2_SetConfig
 .text.HAL_TIM_PWM_ConfigChannel
                0x08001140       0xdc Drivers/STM32F1xx_HAL_Driver/stm32f1xx_hal_tim.o
                0x08001140                HAL_TIM_PWM_ConfigChannel
 .text.HAL_TIMEx_MasterConfigSynchronization
                0x0800121c       0x52 Drivers/STM32F1xx_HAL_Driver/stm32f1xx_hal_tim_ex.o
                0x0800121c                HAL_TIMEx_MasterConfigSynchronization
 .text.HAL_TIMEx_CommutationCallback
                0x0800126e        0x2 Drivers/STM32F1xx_HAL_Driver/stm32f1xx_hal_tim_ex.o
                0x0800126e                HAL_TIMEx_CommutationCallback
 .text.HAL_TIMEx_BreakCallback
                0x08001270        0x2 Drivers/STM32F1xx_HAL_Driver/stm32f1xx_hal_tim_ex.o
                0x08001270                HAL_TIMEx_BreakCallback
 .text.UART_EndRxTransfer
                0x08001272       0x1c Drivers/STM32F1xx_HAL_Driver/stm32f1xx_hal_uart.o
 .text.UART_Transmit_IT
                0x0800128e       0x68 Drivers/STM32F1xx_HAL_Driver/stm32f1xx_hal_uart.o
 *fill*         0x080012f6        0x2 
 .text.UART_SetConfig
                0x080012f8      0x1ac Drivers/STM32F1xx_HAL_Driver/stm32f1xx_hal_uart.o
 .text.UART_WaitOnFlagUntilTimeout
                0x080014a4       0x62 Drivers/STM32F1xx_HAL_Driver/stm32f1xx_hal_uart.o
 .text.HAL_UART_Init
                0x08001506       0x5e Drivers/STM32F1xx_HAL_Driver/stm32f1xx_hal_uart.o
                0x08001506                HAL_UART_Init
 .text.HAL_UART_Transmit
                0x08001564       0xe0 Drivers/STM32F1xx_HAL_Driver/stm32f1xx_hal_uart.o
                0x08001564                HAL_UART_Transmit
 .text.HAL_UART_Receive_IT
                0x08001644       0x5c Drivers/STM32F1xx_HAL_Driver/stm32f1xx_hal_uart.o
                0x08001644                HAL_UART_Receive_IT
 .text.HAL_UART_TxCpltCallback
                0x080016a0        0x2 Drivers/STM32F1xx_HAL_Driver/stm32f1xx_hal_uart.o
                0x080016a0                HAL_UART_TxCpltCallback
 .text.UART_EndTransmit_IT
                0x080016a2       0x1a Drivers/STM32F1xx_HAL_Driver/stm32f1xx_hal_uart.o
 .text.UART_Receive_IT
                0x080016bc       0x9c Drivers/STM32F1xx_HAL_Driver/stm32f1xx_hal_uart.o
 .text.HAL_UART_ErrorCallback
                0x08001758        0x2 Drivers/STM32F1xx_HAL_Driver/stm32f1xx_hal_uart.o
                0x08001758                HAL_UART_ErrorCallback
 *fill*         0x0800175a        0x2 
 .text.HAL_UART_IRQHandler
                0x0800175c      0x120 Drivers/STM32F1xx_HAL_Driver/stm32f1xx_hal_uart.o
                0x0800175c                HAL_UART_IRQHandler
 .text.UART_DMAAbortOnError
                0x0800187c       0x10 Drivers/STM32F1xx_HAL_Driver/stm32f1xx_hal_uart.o
 .text.hc06_send_atcmd
                0x0800188c       0x48 Src/dev/sensor/hc_06.o
                0x0800188c                hc06_send_atcmd
 .text.hc06_receive_byte
                0x080018d4       0x50 Src/dev/sensor/hc_06.o
                0x080018d4                hc06_receive_byte
 .text.hc06_set_bluetoothname
                0x08001924       0x38 Src/dev/sensor/hc_06.o
                0x08001924                hc06_set_bluetoothname
 .text.hc06_init
                0x0800195c       0x28 Src/dev/sensor/hc_06.o
                0x0800195c                hc06_init
 .text.MX_GPIO_Init
                0x08001984      0x110 Src/main.o
 .text.MX_NVIC_Init
                0x08001a94       0x64 Src/main.o
 .text._write   0x08001af8       0x20 Src/main.o
                0x08001af8                _write
 .text.HAL_UART_RxCpltCallback
                0x08001b18        0x8 Src/main.o
                0x08001b18                HAL_UART_RxCpltCallback
 .text._Error_Handler
                0x08001b20        0x2 Src/main.o
                0x08001b20                _Error_Handler
 *fill*         0x08001b22        0x2 
 .text.MX_I2C1_Init
                0x08001b24       0x40 Src/main.o
 .text.MX_TIM2_Init
                0x08001b64       0x90 Src/main.o
 .text.MX_USART1_UART_Init
                0x08001bf4       0x3c Src/main.o
 .text.MX_USART2_UART_Init
                0x08001c30       0x3c Src/main.o
 .text.MX_USART3_UART_Init
                0x08001c6c       0x3c Src/main.o
 .text.MX_SPI1_Init
                0x08001ca8       0x44 Src/main.o
 .text.SystemClock_Config
                0x08001cec       0x74 Src/main.o
                0x08001cec                SystemClock_Config
 .text.main     0x08001d60       0x40 Src/main.o
                0x08001d60                main
 .text.HAL_MspInit
                0x08001da0       0xa0 Src/stm32f1xx_hal_msp.o
                0x08001da0                HAL_MspInit
 .text.HAL_I2C_MspInit
                0x08001e40       0x48 Src/stm32f1xx_hal_msp.o
                0x08001e40                HAL_I2C_MspInit
 .text.HAL_SPI_MspInit
                0x08001e88       0x58 Src/stm32f1xx_hal_msp.o
                0x08001e88                HAL_SPI_MspInit
 .text.HAL_TIM_PWM_MspInit
                0x08001ee0       0x26 Src/stm32f1xx_hal_msp.o
                0x08001ee0                HAL_TIM_PWM_MspInit
 *fill*         0x08001f06        0x2 
 .text.HAL_TIM_MspPostInit
                0x08001f08       0x2c Src/stm32f1xx_hal_msp.o
                0x08001f08                HAL_TIM_MspPostInit
 .text.HAL_UART_MspInit
                0x08001f34       0xf8 Src/stm32f1xx_hal_msp.o
                0x08001f34                HAL_UART_MspInit
 .text.NMI_Handler
                0x0800202c        0x2 Src/stm32f1xx_it.o
                0x0800202c                NMI_Handler
 .text.HardFault_Handler
                0x0800202e        0x2 Src/stm32f1xx_it.o
                0x0800202e                HardFault_Handler
 .text.MemManage_Handler
                0x08002030        0x2 Src/stm32f1xx_it.o
                0x08002030                MemManage_Handler
 .text.BusFault_Handler
                0x08002032        0x2 Src/stm32f1xx_it.o
                0x08002032                BusFault_Handler
 .text.UsageFault_Handler
                0x08002034        0x2 Src/stm32f1xx_it.o
                0x08002034                UsageFault_Handler
 .text.SVC_Handler
                0x08002036        0x2 Src/stm32f1xx_it.o
                0x08002036                SVC_Handler
 .text.DebugMon_Handler
                0x08002038        0x2 Src/stm32f1xx_it.o
                0x08002038                DebugMon_Handler
 .text.PendSV_Handler
                0x0800203a        0x2 Src/stm32f1xx_it.o
                0x0800203a                PendSV_Handler
 .text.SysTick_Handler
                0x0800203c        0xc Src/stm32f1xx_it.o
                0x0800203c                SysTick_Handler
 .text.EXTI1_IRQHandler
                0x08002048        0xa Src/stm32f1xx_it.o
                0x08002048                EXTI1_IRQHandler
 *fill*         0x08002052        0x2 
 .text.TIM2_IRQHandler
                0x08002054       0x10 Src/stm32f1xx_it.o
                0x08002054                TIM2_IRQHandler
 .text.USART1_IRQHandler
                0x08002064       0x10 Src/stm32f1xx_it.o
                0x08002064                USART1_IRQHandler
 .text.USART2_IRQHandler
                0x08002074       0x10 Src/stm32f1xx_it.o
                0x08002074                USART2_IRQHandler
 .text.USART3_IRQHandler
                0x08002084       0x10 Src/stm32f1xx_it.o
                0x08002084                USART3_IRQHandler
 .text.EXTI15_10_IRQHandler
                0x08002094       0x24 Src/stm32f1xx_it.o
                0x08002094                EXTI15_10_IRQHandler
 .text.SystemInit
                0x080020b8       0x4c Src/system_stm32f1xx.o
                0x080020b8                SystemInit
 .text.Reset_Handler
                0x08002104       0x48 startup/startup_stm32f103xb.o
                0x08002104                Reset_Handler
 .text.Default_Handler
                0x0800214c        0x2 startup/startup_stm32f103xb.o
                0x0800214c                RTC_Alarm_IRQHandler
                0x0800214c                EXTI2_IRQHandler
                0x0800214c                TIM1_CC_IRQHandler
                0x0800214c                PVD_IRQHandler
                0x0800214c                EXTI3_IRQHandler
                0x0800214c                EXTI0_IRQHandler
                0x0800214c                I2C2_EV_IRQHandler
                0x0800214c                ADC1_2_IRQHandler
                0x0800214c                SPI1_IRQHandler
                0x0800214c                TAMPER_IRQHandler
                0x0800214c                DMA1_Channel4_IRQHandler
                0x0800214c                RTC_IRQHandler
                0x0800214c                DMA1_Channel7_IRQHandler
                0x0800214c                CAN1_RX1_IRQHandler
                0x0800214c                TIM4_IRQHandler
                0x0800214c                I2C1_EV_IRQHandler
                0x0800214c                DMA1_Channel6_IRQHandler
                0x0800214c                TIM3_IRQHandler
                0x0800214c                RCC_IRQHandler
                0x0800214c                TIM1_TRG_COM_IRQHandler
                0x0800214c                DMA1_Channel1_IRQHandler
                0x0800214c                Default_Handler
                0x0800214c                EXTI9_5_IRQHandler
                0x0800214c                SPI2_IRQHandler
                0x0800214c                DMA1_Channel5_IRQHandler
                0x0800214c                EXTI4_IRQHandler
                0x0800214c                USB_LP_CAN1_RX0_IRQHandler
                0x0800214c                USB_HP_CAN1_TX_IRQHandler
                0x0800214c                DMA1_Channel3_IRQHandler
                0x0800214c                TIM1_UP_IRQHandler
                0x0800214c                WWDG_IRQHandler
                0x0800214c                TIM1_BRK_IRQHandler
                0x0800214c                I2C2_ER_IRQHandler
                0x0800214c                DMA1_Channel2_IRQHandler
                0x0800214c                CAN1_SCE_IRQHandler
                0x0800214c                FLASH_IRQHandler
                0x0800214c                I2C1_ER_IRQHandler
                0x0800214c                USBWakeUp_IRQHandler
 *fill*         0x0800214e        0x2 
 .text.__libc_init_array
                0x08002150       0x48 c:/ac6/systemworkbench/plugins/fr.ac6.mcu.externaltools.arm-none.win32_1.16.0.201807130628/tools/compiler/bin/../lib/gcc/arm-none-eabi/7.2.1/../../../../arm-none-eabi/lib/thumb/v7-m\libc_nano.a(lib_a-init.o)
                0x08002150                __libc_init_array
 .text.memset   0x08002198       0x10 c:/ac6/systemworkbench/plugins/fr.ac6.mcu.externaltools.arm-none.win32_1.16.0.201807130628/tools/compiler/bin/../lib/gcc/arm-none-eabi/7.2.1/../../../../arm-none-eabi/lib/thumb/v7-m\libc_nano.a(lib_a-memset.o)
                0x08002198                memset
 .text.printf   0x080021a8       0x30 c:/ac6/systemworkbench/plugins/fr.ac6.mcu.externaltools.arm-none.win32_1.16.0.201807130628/tools/compiler/bin/../lib/gcc/arm-none-eabi/7.2.1/../../../../arm-none-eabi/lib/thumb/v7-m\libc_nano.a(lib_a-printf.o)
                0x080021a8                iprintf
                0x080021a8                printf
 .text._puts_r  0x080021d8       0xb8 c:/ac6/systemworkbench/plugins/fr.ac6.mcu.externaltools.arm-none.win32_1.16.0.201807130628/tools/compiler/bin/../lib/gcc/arm-none-eabi/7.2.1/../../../../arm-none-eabi/lib/thumb/v7-m\libc_nano.a(lib_a-puts.o)
                0x080021d8                _puts_r
 .text.puts     0x08002290       0x10 c:/ac6/systemworkbench/plugins/fr.ac6.mcu.externaltools.arm-none.win32_1.16.0.201807130628/tools/compiler/bin/../lib/gcc/arm-none-eabi/7.2.1/../../../../arm-none-eabi/lib/thumb/v7-m\libc_nano.a(lib_a-puts.o)
                0x08002290                puts
 .text.sprintf  0x080022a0       0x40 c:/ac6/systemworkbench/plugins/fr.ac6.mcu.externaltools.arm-none.win32_1.16.0.201807130628/tools/compiler/bin/../lib/gcc/arm-none-eabi/7.2.1/../../../../arm-none-eabi/lib/thumb/v7-m\libc_nano.a(lib_a-sprintf.o)
                0x080022a0                siprintf
                0x080022a0                sprintf
 .text.__swbuf_r
                0x080022e0       0xa4 c:/ac6/systemworkbench/plugins/fr.ac6.mcu.externaltools.arm-none.win32_1.16.0.201807130628/tools/compiler/bin/../lib/gcc/arm-none-eabi/7.2.1/../../../../arm-none-eabi/lib/thumb/v7-m\libc_nano.a(lib_a-wbuf.o)
                0x080022e0                __swbuf_r
 .text.__swsetup_r
                0x08002384       0xdc c:/ac6/systemworkbench/plugins/fr.ac6.mcu.externaltools.arm-none.win32_1.16.0.201807130628/tools/compiler/bin/../lib/gcc/arm-none-eabi/7.2.1/../../../../arm-none-eabi/lib/thumb/v7-m\libc_nano.a(lib_a-wsetup.o)
                0x08002384                __swsetup_r
 .text.__sflush_r
                0x08002460      0x10c c:/ac6/systemworkbench/plugins/fr.ac6.mcu.externaltools.arm-none.win32_1.16.0.201807130628/tools/compiler/bin/../lib/gcc/arm-none-eabi/7.2.1/../../../../arm-none-eabi/lib/thumb/v7-m\libc_nano.a(lib_a-fflush.o)
                0x08002460                __sflush_r
 .text._fflush_r
                0x0800256c       0x54 c:/ac6/systemworkbench/plugins/fr.ac6.mcu.externaltools.arm-none.win32_1.16.0.201807130628/tools/compiler/bin/../lib/gcc/arm-none-eabi/7.2.1/../../../../arm-none-eabi/lib/thumb/v7-m\libc_nano.a(lib_a-fflush.o)
                0x0800256c                _fflush_r
 .text.std      0x080025c0       0x48 c:/ac6/systemworkbench/plugins/fr.ac6.mcu.externaltools.arm-none.win32_1.16.0.201807130628/tools/compiler/bin/../lib/gcc/arm-none-eabi/7.2.1/../../../../arm-none-eabi/lib/thumb/v7-m\libc_nano.a(lib_a-findfp.o)
 .text._cleanup_r
                0x08002608        0xc c:/ac6/systemworkbench/plugins/fr.ac6.mcu.externaltools.arm-none.win32_1.16.0.201807130628/tools/compiler/bin/../lib/gcc/arm-none-eabi/7.2.1/../../../../arm-none-eabi/lib/thumb/v7-m\libc_nano.a(lib_a-findfp.o)
                0x08002608                _cleanup_r
 .text.__sfmoreglue
                0x08002614       0x2c c:/ac6/systemworkbench/plugins/fr.ac6.mcu.externaltools.arm-none.win32_1.16.0.201807130628/tools/compiler/bin/../lib/gcc/arm-none-eabi/7.2.1/../../../../arm-none-eabi/lib/thumb/v7-m\libc_nano.a(lib_a-findfp.o)
                0x08002614                __sfmoreglue
 .text.__sinit  0x08002640       0x60 c:/ac6/systemworkbench/plugins/fr.ac6.mcu.externaltools.arm-none.win32_1.16.0.201807130628/tools/compiler/bin/../lib/gcc/arm-none-eabi/7.2.1/../../../../arm-none-eabi/lib/thumb/v7-m\libc_nano.a(lib_a-findfp.o)
                0x08002640                __sinit
 .text.__sfp    0x080026a0       0x78 c:/ac6/systemworkbench/plugins/fr.ac6.mcu.externaltools.arm-none.win32_1.16.0.201807130628/tools/compiler/bin/../lib/gcc/arm-none-eabi/7.2.1/../../../../arm-none-eabi/lib/thumb/v7-m\libc_nano.a(lib_a-findfp.o)
                0x080026a0                __sfp
 .text._fwalk_reent
                0x08002718       0x3c c:/ac6/systemworkbench/plugins/fr.ac6.mcu.externaltools.arm-none.win32_1.16.0.201807130628/tools/compiler/bin/../lib/gcc/arm-none-eabi/7.2.1/../../../../arm-none-eabi/lib/thumb/v7-m\libc_nano.a(lib_a-fwalk.o)
                0x08002718                _fwalk_reent
 .text.__swhatbuf_r
                0x08002754       0x48 c:/ac6/systemworkbench/plugins/fr.ac6.mcu.externaltools.arm-none.win32_1.16.0.201807130628/tools/compiler/bin/../lib/gcc/arm-none-eabi/7.2.1/../../../../arm-none-eabi/lib/thumb/v7-m\libc_nano.a(lib_a-makebuf.o)
                0x08002754                __swhatbuf_r
 .text.__smakebuf_r
                0x0800279c       0x80 c:/ac6/systemworkbench/plugins/fr.ac6.mcu.externaltools.arm-none.win32_1.16.0.201807130628/tools/compiler/bin/../lib/gcc/arm-none-eabi/7.2.1/../../../../arm-none-eabi/lib/thumb/v7-m\libc_nano.a(lib_a-makebuf.o)
                0x0800279c                __smakebuf_r
 .text._free_r  0x0800281c       0x98 c:/ac6/systemworkbench/plugins/fr.ac6.mcu.externaltools.arm-none.win32_1.16.0.201807130628/tools/compiler/bin/../lib/gcc/arm-none-eabi/7.2.1/../../../../arm-none-eabi/lib/thumb/v7-m\libc_nano.a(lib_a-nano-freer.o)
                0x0800281c                _free_r
 .text._malloc_r
                0x080028b4       0xb4 c:/ac6/systemworkbench/plugins/fr.ac6.mcu.externaltools.arm-none.win32_1.16.0.201807130628/tools/compiler/bin/../lib/gcc/arm-none-eabi/7.2.1/../../../../arm-none-eabi/lib/thumb/v7-m\libc_nano.a(lib_a-nano-mallocr.o)
                0x080028b4                _malloc_r
 .text.__ssputs_r
                0x08002968       0xb4 c:/ac6/systemworkbench/plugins/fr.ac6.mcu.externaltools.arm-none.win32_1.16.0.201807130628/tools/compiler/bin/../lib/gcc/arm-none-eabi/7.2.1/../../../../arm-none-eabi/lib/thumb/v7-m\libc_nano.a(lib_a-nano-svfprintf.o)
                0x08002968                __ssputs_r
 .text._svfprintf_r
                0x08002a1c      0x1ec c:/ac6/systemworkbench/plugins/fr.ac6.mcu.externaltools.arm-none.win32_1.16.0.201807130628/tools/compiler/bin/../lib/gcc/arm-none-eabi/7.2.1/../../../../arm-none-eabi/lib/thumb/v7-m\libc_nano.a(lib_a-nano-svfprintf.o)
                0x08002a1c                _svfiprintf_r
                0x08002a1c                _svfprintf_r
 .text.__sfputc_r
                0x08002c08       0x2a c:/ac6/systemworkbench/plugins/fr.ac6.mcu.externaltools.arm-none.win32_1.16.0.201807130628/tools/compiler/bin/../lib/gcc/arm-none-eabi/7.2.1/../../../../arm-none-eabi/lib/thumb/v7-m\libc_nano.a(lib_a-nano-vfprintf.o)
 .text.__sfputs_r
                0x08002c32       0x24 c:/ac6/systemworkbench/plugins/fr.ac6.mcu.externaltools.arm-none.win32_1.16.0.201807130628/tools/compiler/bin/../lib/gcc/arm-none-eabi/7.2.1/../../../../arm-none-eabi/lib/thumb/v7-m\libc_nano.a(lib_a-nano-vfprintf.o)
                0x08002c32                __sfputs_r
 *fill*         0x08002c56        0x2 
 .text._vfprintf_r
                0x08002c58      0x228 c:/ac6/systemworkbench/plugins/fr.ac6.mcu.externaltools.arm-none.win32_1.16.0.201807130628/tools/compiler/bin/../lib/gcc/arm-none-eabi/7.2.1/../../../../arm-none-eabi/lib/thumb/v7-m\libc_nano.a(lib_a-nano-vfprintf.o)
                0x08002c58                _vfprintf_r
                0x08002c58                _vfiprintf_r
 .text._printf_common
                0x08002e80       0xec c:/ac6/systemworkbench/plugins/fr.ac6.mcu.externaltools.arm-none.win32_1.16.0.201807130628/tools/compiler/bin/../lib/gcc/arm-none-eabi/7.2.1/../../../../arm-none-eabi/lib/thumb/v7-m\libc_nano.a(lib_a-nano-vfprintf_i.o)
                0x08002e80                _printf_common
 .text._printf_i
                0x08002f6c      0x224 c:/ac6/systemworkbench/plugins/fr.ac6.mcu.externaltools.arm-none.win32_1.16.0.201807130628/tools/compiler/bin/../lib/gcc/arm-none-eabi/7.2.1/../../../../arm-none-eabi/lib/thumb/v7-m\libc_nano.a(lib_a-nano-vfprintf_i.o)
                0x08002f6c                _printf_i
 .text._sbrk_r  0x08003190       0x20 c:/ac6/systemworkbench/plugins/fr.ac6.mcu.externaltools.arm-none.win32_1.16.0.201807130628/tools/compiler/bin/../lib/gcc/arm-none-eabi/7.2.1/../../../../arm-none-eabi/lib/thumb/v7-m\libc_nano.a(lib_a-sbrkr.o)
                0x08003190                _sbrk_r
 .text.__sread  0x080031b0       0x22 c:/ac6/systemworkbench/plugins/fr.ac6.mcu.externaltools.arm-none.win32_1.16.0.201807130628/tools/compiler/bin/../lib/gcc/arm-none-eabi/7.2.1/../../../../arm-none-eabi/lib/thumb/v7-m\libc_nano.a(lib_a-stdio.o)
                0x080031b0                __sread
 .text.__swrite
                0x080031d2       0x38 c:/ac6/systemworkbench/plugins/fr.ac6.mcu.externaltools.arm-none.win32_1.16.0.201807130628/tools/compiler/bin/../lib/gcc/arm-none-eabi/7.2.1/../../../../arm-none-eabi/lib/thumb/v7-m\libc_nano.a(lib_a-stdio.o)
                0x080031d2                __swrite
 .text.__sseek  0x0800320a       0x24 c:/ac6/systemworkbench/plugins/fr.ac6.mcu.externaltools.arm-none.win32_1.16.0.201807130628/tools/compiler/bin/../lib/gcc/arm-none-eabi/7.2.1/../../../../arm-none-eabi/lib/thumb/v7-m\libc_nano.a(lib_a-stdio.o)
                0x0800320a                __sseek
 .text.__sclose
                0x0800322e        0x8 c:/ac6/systemworkbench/plugins/fr.ac6.mcu.externaltools.arm-none.win32_1.16.0.201807130628/tools/compiler/bin/../lib/gcc/arm-none-eabi/7.2.1/../../../../arm-none-eabi/lib/thumb/v7-m\libc_nano.a(lib_a-stdio.o)
                0x0800322e                __sclose
 *fill*         0x08003236        0x2 
 .text._write_r
                0x08003238       0x24 c:/ac6/systemworkbench/plugins/fr.ac6.mcu.externaltools.arm-none.win32_1.16.0.201807130628/tools/compiler/bin/../lib/gcc/arm-none-eabi/7.2.1/../../../../arm-none-eabi/lib/thumb/v7-m\libc_nano.a(lib_a-writer.o)
                0x08003238                _write_r
 .text._close_r
                0x0800325c       0x20 c:/ac6/systemworkbench/plugins/fr.ac6.mcu.externaltools.arm-none.win32_1.16.0.201807130628/tools/compiler/bin/../lib/gcc/arm-none-eabi/7.2.1/../../../../arm-none-eabi/lib/thumb/v7-m\libc_nano.a(lib_a-closer.o)
                0x0800325c                _close_r
 .text._fstat_r
                0x0800327c       0x24 c:/ac6/systemworkbench/plugins/fr.ac6.mcu.externaltools.arm-none.win32_1.16.0.201807130628/tools/compiler/bin/../lib/gcc/arm-none-eabi/7.2.1/../../../../arm-none-eabi/lib/thumb/v7-m\libc_nano.a(lib_a-fstatr.o)
                0x0800327c                _fstat_r
 .text._isatty_r
                0x080032a0       0x20 c:/ac6/systemworkbench/plugins/fr.ac6.mcu.externaltools.arm-none.win32_1.16.0.201807130628/tools/compiler/bin/../lib/gcc/arm-none-eabi/7.2.1/../../../../arm-none-eabi/lib/thumb/v7-m\libc_nano.a(lib_a-isattyr.o)
                0x080032a0                _isatty_r
 .text._lseek_r
                0x080032c0       0x24 c:/ac6/systemworkbench/plugins/fr.ac6.mcu.externaltools.arm-none.win32_1.16.0.201807130628/tools/compiler/bin/../lib/gcc/arm-none-eabi/7.2.1/../../../../arm-none-eabi/lib/thumb/v7-m\libc_nano.a(lib_a-lseekr.o)
                0x080032c0                _lseek_r
 .text.memchr   0x080032e4       0x1c c:/ac6/systemworkbench/plugins/fr.ac6.mcu.externaltools.arm-none.win32_1.16.0.201807130628/tools/compiler/bin/../lib/gcc/arm-none-eabi/7.2.1/../../../../arm-none-eabi/lib/thumb/v7-m\libc_nano.a(lib_a-memchr-stub.o)
                0x080032e4                memchr
 .text.memcpy   0x08003300       0x16 c:/ac6/systemworkbench/plugins/fr.ac6.mcu.externaltools.arm-none.win32_1.16.0.201807130628/tools/compiler/bin/../lib/gcc/arm-none-eabi/7.2.1/../../../../arm-none-eabi/lib/thumb/v7-m\libc_nano.a(lib_a-memcpy-stub.o)
                0x08003300                memcpy
 .text.memmove  0x08003316       0x32 c:/ac6/systemworkbench/plugins/fr.ac6.mcu.externaltools.arm-none.win32_1.16.0.201807130628/tools/compiler/bin/../lib/gcc/arm-none-eabi/7.2.1/../../../../arm-none-eabi/lib/thumb/v7-m\libc_nano.a(lib_a-memmove.o)
                0x08003316                memmove
 .text.__malloc_lock
                0x08003348        0x2 c:/ac6/systemworkbench/plugins/fr.ac6.mcu.externaltools.arm-none.win32_1.16.0.201807130628/tools/compiler/bin/../lib/gcc/arm-none-eabi/7.2.1/../../../../arm-none-eabi/lib/thumb/v7-m\libc_nano.a(lib_a-mlock.o)
                0x08003348                __malloc_lock
 .text.__malloc_unlock
                0x0800334a        0x2 c:/ac6/systemworkbench/plugins/fr.ac6.mcu.externaltools.arm-none.win32_1.16.0.201807130628/tools/compiler/bin/../lib/gcc/arm-none-eabi/7.2.1/../../../../arm-none-eabi/lib/thumb/v7-m\libc_nano.a(lib_a-mlock.o)
                0x0800334a                __malloc_unlock
 .text._realloc_r
                0x0800334c       0x4c c:/ac6/systemworkbench/plugins/fr.ac6.mcu.externaltools.arm-none.win32_1.16.0.201807130628/tools/compiler/bin/../lib/gcc/arm-none-eabi/7.2.1/../../../../arm-none-eabi/lib/thumb/v7-m\libc_nano.a(lib_a-nano-reallocr.o)
                0x0800334c                _realloc_r
 .text._read_r  0x08003398       0x24 c:/ac6/systemworkbench/plugins/fr.ac6.mcu.externaltools.arm-none.win32_1.16.0.201807130628/tools/compiler/bin/../lib/gcc/arm-none-eabi/7.2.1/../../../../arm-none-eabi/lib/thumb/v7-m\libc_nano.a(lib_a-readr.o)
                0x08003398                _read_r
 .text._malloc_usable_size_r
                0x080033bc       0x10 c:/ac6/systemworkbench/plugins/fr.ac6.mcu.externaltools.arm-none.win32_1.16.0.201807130628/tools/compiler/bin/../lib/gcc/arm-none-eabi/7.2.1/../../../../arm-none-eabi/lib/thumb/v7-m\libc_nano.a(lib_a-nano-msizer.o)
                0x080033bc                _malloc_usable_size_r
 .text._close   0x080033cc       0x10 c:/ac6/systemworkbench/plugins/fr.ac6.mcu.externaltools.arm-none.win32_1.16.0.201807130628/tools/compiler/bin/../lib/gcc/arm-none-eabi/7.2.1/../../../../arm-none-eabi/lib/thumb/v7-m\libnosys.a(close.o)
                0x080033cc                _close
 .text._fstat   0x080033dc       0x10 c:/ac6/systemworkbench/plugins/fr.ac6.mcu.externaltools.arm-none.win32_1.16.0.201807130628/tools/compiler/bin/../lib/gcc/arm-none-eabi/7.2.1/../../../../arm-none-eabi/lib/thumb/v7-m\libnosys.a(fstat.o)
                0x080033dc                _fstat
 .text._isatty  0x080033ec       0x10 c:/ac6/systemworkbench/plugins/fr.ac6.mcu.externaltools.arm-none.win32_1.16.0.201807130628/tools/compiler/bin/../lib/gcc/arm-none-eabi/7.2.1/../../../../arm-none-eabi/lib/thumb/v7-m\libnosys.a(isatty.o)
                0x080033ec                _isatty
 .text._lseek   0x080033fc       0x10 c:/ac6/systemworkbench/plugins/fr.ac6.mcu.externaltools.arm-none.win32_1.16.0.201807130628/tools/compiler/bin/../lib/gcc/arm-none-eabi/7.2.1/../../../../arm-none-eabi/lib/thumb/v7-m\libnosys.a(lseek.o)
                0x080033fc                _lseek
 .text._read    0x0800340c       0x10 c:/ac6/systemworkbench/plugins/fr.ac6.mcu.externaltools.arm-none.win32_1.16.0.201807130628/tools/compiler/bin/../lib/gcc/arm-none-eabi/7.2.1/../../../../arm-none-eabi/lib/thumb/v7-m\libnosys.a(read.o)
                0x0800340c                _read
 .text._sbrk    0x0800341c       0x1c c:/ac6/systemworkbench/plugins/fr.ac6.mcu.externaltools.arm-none.win32_1.16.0.201807130628/tools/compiler/bin/../lib/gcc/arm-none-eabi/7.2.1/../../../../arm-none-eabi/lib/thumb/v7-m\libnosys.a(sbrk.o)
                0x0800341c                _sbrk
 *(.glue_7)
 .glue_7        0x08003438        0x0 linker stubs
 *(.glue_7t)
 .glue_7t       0x08003438        0x0 linker stubs
 *(.eh_frame)
 .eh_frame      0x08003438        0x0 c:/ac6/systemworkbench/plugins/fr.ac6.mcu.externaltools.arm-none.win32_1.16.0.201807130628/tools/compiler/bin/../lib/gcc/arm-none-eabi/7.2.1/thumb/v7-m/crtbegin.o
 *(.init)
 .init          0x08003438        0x4 c:/ac6/systemworkbench/plugins/fr.ac6.mcu.externaltools.arm-none.win32_1.16.0.201807130628/tools/compiler/bin/../lib/gcc/arm-none-eabi/7.2.1/thumb/v7-m/crti.o
                0x08003438                _init
 .init          0x0800343c        0x8 c:/ac6/systemworkbench/plugins/fr.ac6.mcu.externaltools.arm-none.win32_1.16.0.201807130628/tools/compiler/bin/../lib/gcc/arm-none-eabi/7.2.1/thumb/v7-m/crtn.o
 *(.fini)
 .fini          0x08003444        0x4 c:/ac6/systemworkbench/plugins/fr.ac6.mcu.externaltools.arm-none.win32_1.16.0.201807130628/tools/compiler/bin/../lib/gcc/arm-none-eabi/7.2.1/thumb/v7-m/crti.o
                0x08003444                _fini
 .fini          0x08003448        0x8 c:/ac6/systemworkbench/plugins/fr.ac6.mcu.externaltools.arm-none.win32_1.16.0.201807130628/tools/compiler/bin/../lib/gcc/arm-none-eabi/7.2.1/thumb/v7-m/crtn.o
                0x08003450                . = ALIGN (0x4)
                0x08003450                _etext = .

.vfp11_veneer   0x08003450        0x0
 .vfp11_veneer  0x08003450        0x0 linker stubs

.v4_bx          0x08003450        0x0
 .v4_bx         0x08003450        0x0 linker stubs

.iplt           0x08003450        0x0
 .iplt          0x08003450        0x0 c:/ac6/systemworkbench/plugins/fr.ac6.mcu.externaltools.arm-none.win32_1.16.0.201807130628/tools/compiler/bin/../lib/gcc/arm-none-eabi/7.2.1/thumb/v7-m/crtbegin.o

.rodata         0x08003450      0x158
                0x08003450                . = ALIGN (0x4)
 *(.rodata)
 .rodata        0x08003450       0x12 Drivers/STM32F1xx_HAL_Driver/stm32f1xx_hal_rcc.o
 *fill*         0x08003462        0x2 
 .rodata        0x08003464       0x18 Src/system_stm32f1xx.o
                0x08003464                AHBPrescTable
                0x08003474                APBPrescTable
 *(.rodata*)
 .rodata.str1.4
                0x0800347c       0x7c Src/dev/sensor/hc_06.o
 .rodata.str1.4
                0x080034f8       0x18 Src/main.o
                                 0x16 (size before relaxing)
 .rodata._global_impure_ptr
                0x08003510        0x4 c:/ac6/systemworkbench/plugins/fr.ac6.mcu.externaltools.arm-none.win32_1.16.0.201807130628/tools/compiler/bin/../lib/gcc/arm-none-eabi/7.2.1/../../../../arm-none-eabi/lib/thumb/v7-m\libc_nano.a(lib_a-impure.o)
                0x08003510                _global_impure_ptr
 .rodata.__sf_fake_stderr
                0x08003514       0x20 c:/ac6/systemworkbench/plugins/fr.ac6.mcu.externaltools.arm-none.win32_1.16.0.201807130628/tools/compiler/bin/../lib/gcc/arm-none-eabi/7.2.1/../../../../arm-none-eabi/lib/thumb/v7-m\libc_nano.a(lib_a-findfp.o)
                0x08003514                __sf_fake_stderr
 .rodata.__sf_fake_stdin
                0x08003534       0x20 c:/ac6/systemworkbench/plugins/fr.ac6.mcu.externaltools.arm-none.win32_1.16.0.201807130628/tools/compiler/bin/../lib/gcc/arm-none-eabi/7.2.1/../../../../arm-none-eabi/lib/thumb/v7-m\libc_nano.a(lib_a-findfp.o)
                0x08003534                __sf_fake_stdin
 .rodata.__sf_fake_stdout
                0x08003554       0x20 c:/ac6/systemworkbench/plugins/fr.ac6.mcu.externaltools.arm-none.win32_1.16.0.201807130628/tools/compiler/bin/../lib/gcc/arm-none-eabi/7.2.1/../../../../arm-none-eabi/lib/thumb/v7-m\libc_nano.a(lib_a-findfp.o)
                0x08003554                __sf_fake_stdout
 .rodata._svfprintf_r.str1.1
                0x08003574       0x11 c:/ac6/systemworkbench/plugins/fr.ac6.mcu.externaltools.arm-none.win32_1.16.0.201807130628/tools/compiler/bin/../lib/gcc/arm-none-eabi/7.2.1/../../../../arm-none-eabi/lib/thumb/v7-m\libc_nano.a(lib_a-nano-svfprintf.o)
 .rodata._vfprintf_r.str1.1
                0x08003585       0x11 c:/ac6/systemworkbench/plugins/fr.ac6.mcu.externaltools.arm-none.win32_1.16.0.201807130628/tools/compiler/bin/../lib/gcc/arm-none-eabi/7.2.1/../../../../arm-none-eabi/lib/thumb/v7-m\libc_nano.a(lib_a-nano-vfprintf.o)
 .rodata._printf_i.str1.1
                0x08003585       0x22 c:/ac6/systemworkbench/plugins/fr.ac6.mcu.externaltools.arm-none.win32_1.16.0.201807130628/tools/compiler/bin/../lib/gcc/arm-none-eabi/7.2.1/../../../../arm-none-eabi/lib/thumb/v7-m\libc_nano.a(lib_a-nano-vfprintf_i.o)
                0x080035a8                . = ALIGN (0x4)
 *fill*         0x080035a7        0x1 

.rel.dyn        0x080035a8        0x0
 .rel.iplt      0x080035a8        0x0 c:/ac6/systemworkbench/plugins/fr.ac6.mcu.externaltools.arm-none.win32_1.16.0.201807130628/tools/compiler/bin/../lib/gcc/arm-none-eabi/7.2.1/thumb/v7-m/crtbegin.o

.ARM.extab
 *(.ARM.extab* .gnu.linkonce.armextab.*)

.ARM            0x080035a8        0x0
                0x080035a8                __exidx_start = .
 *(.ARM.exidx*)
                0x080035a8                __exidx_end = .

.preinit_array  0x080035a8        0x0
                0x080035a8                PROVIDE (__preinit_array_start, .)
 *(.preinit_array*)
                0x080035a8                PROVIDE (__preinit_array_end, .)

.init_array     0x080035a8        0x4
                0x080035a8                PROVIDE (__init_array_start, .)
 *(SORT_BY_NAME(.init_array.*))
 *(.init_array*)
 .init_array    0x080035a8        0x4 c:/ac6/systemworkbench/plugins/fr.ac6.mcu.externaltools.arm-none.win32_1.16.0.201807130628/tools/compiler/bin/../lib/gcc/arm-none-eabi/7.2.1/thumb/v7-m/crtbegin.o
                0x080035ac                PROVIDE (__init_array_end, .)

.fini_array     0x080035ac        0x4
                [!provide]                PROVIDE (__fini_array_start, .)
 *(SORT_BY_NAME(.fini_array.*))
 *(.fini_array*)
 .fini_array    0x080035ac        0x4 c:/ac6/systemworkbench/plugins/fr.ac6.mcu.externaltools.arm-none.win32_1.16.0.201807130628/tools/compiler/bin/../lib/gcc/arm-none-eabi/7.2.1/thumb/v7-m/crtbegin.o
                [!provide]                PROVIDE (__fini_array_end, .)
                0x080035b0                _sidata = LOADADDR (.data)

.data           0x20000000       0x70 load address 0x080035b0
                0x20000000                . = ALIGN (0x4)
                0x20000000                _sdata = .
 *(.data)
 .data          0x20000000        0x8 Drivers/STM32F1xx_HAL_Driver/stm32f1xx_hal.o
                0x20000000                uwTickFreq
                0x20000004                uwTickPrio
 .data          0x20000008        0x4 Src/system_stm32f1xx.o
                0x20000008                SystemCoreClock
 *(.data*)
 .data._impure_ptr
                0x2000000c        0x4 c:/ac6/systemworkbench/plugins/fr.ac6.mcu.externaltools.arm-none.win32_1.16.0.201807130628/tools/compiler/bin/../lib/gcc/arm-none-eabi/7.2.1/../../../../arm-none-eabi/lib/thumb/v7-m\libc_nano.a(lib_a-impure.o)
                0x2000000c                _impure_ptr
 .data.impure_data
                0x20000010       0x60 c:/ac6/systemworkbench/plugins/fr.ac6.mcu.externaltools.arm-none.win32_1.16.0.201807130628/tools/compiler/bin/../lib/gcc/arm-none-eabi/7.2.1/../../../../arm-none-eabi/lib/thumb/v7-m\libc_nano.a(lib_a-impure.o)
                0x20000070                . = ALIGN (0x4)
                0x20000070                _edata = .

.igot.plt       0x20000070        0x0 load address 0x08003620
 .igot.plt      0x20000070        0x0 c:/ac6/systemworkbench/plugins/fr.ac6.mcu.externaltools.arm-none.win32_1.16.0.201807130628/tools/compiler/bin/../lib/gcc/arm-none-eabi/7.2.1/thumb/v7-m/crtbegin.o
                0x20000070                . = ALIGN (0x4)

.bss            0x20000070      0x1e4 load address 0x08003620
                0x20000070                _sbss = .
                0x20000070                __bss_start__ = _sbss
 *(.bss)
 .bss           0x20000070       0x1c c:/ac6/systemworkbench/plugins/fr.ac6.mcu.externaltools.arm-none.win32_1.16.0.201807130628/tools/compiler/bin/../lib/gcc/arm-none-eabi/7.2.1/thumb/v7-m/crtbegin.o
 .bss           0x2000008c        0x4 Src/dev/sensor/hc_06.o
                0x2000008c                hc06UART_
 *(.bss*)
 .bss.__malloc_free_list
                0x20000090        0x4 c:/ac6/systemworkbench/plugins/fr.ac6.mcu.externaltools.arm-none.win32_1.16.0.201807130628/tools/compiler/bin/../lib/gcc/arm-none-eabi/7.2.1/../../../../arm-none-eabi/lib/thumb/v7-m\libc_nano.a(lib_a-nano-mallocr.o)
                0x20000090                __malloc_free_list
 .bss.__malloc_sbrk_start
                0x20000094        0x4 c:/ac6/systemworkbench/plugins/fr.ac6.mcu.externaltools.arm-none.win32_1.16.0.201807130628/tools/compiler/bin/../lib/gcc/arm-none-eabi/7.2.1/../../../../arm-none-eabi/lib/thumb/v7-m\libc_nano.a(lib_a-nano-mallocr.o)
                0x20000094                __malloc_sbrk_start
 .bss.heap_end.4102
                0x20000098        0x4 c:/ac6/systemworkbench/plugins/fr.ac6.mcu.externaltools.arm-none.win32_1.16.0.201807130628/tools/compiler/bin/../lib/gcc/arm-none-eabi/7.2.1/../../../../arm-none-eabi/lib/thumb/v7-m\libnosys.a(sbrk.o)
 *(COMMON)
 COMMON         0x2000009c        0x4 Drivers/STM32F1xx_HAL_Driver/stm32f1xx_hal.o
                0x2000009c                uwTick
 COMMON         0x200000a0        0x2 Src/dev/sensor/hc_06.o
                0x200000a0                rxbuf_
 *fill*         0x200000a2        0x2 
 COMMON         0x200000a4      0x1ac Src/main.o
                0x200000a4                huart3
                0x200000e4                hi2c1
                0x20000138                huart1
                0x20000178                hspi1
                0x200001d0                htim2
                0x20000210                huart2
 COMMON         0x20000250        0x4 c:/ac6/systemworkbench/plugins/fr.ac6.mcu.externaltools.arm-none.win32_1.16.0.201807130628/tools/compiler/bin/../lib/gcc/arm-none-eabi/7.2.1/../../../../arm-none-eabi/lib/thumb/v7-m\libc_nano.a(lib_a-reent.o)
                0x20000250                errno
                0x20000254                . = ALIGN (0x4)
                0x20000254                _ebss = .
                0x20000254                __bss_end__ = _ebss

._user_heap_stack
                0x20000254      0x604 load address 0x08003620
                0x20000258                . = ALIGN (0x8)
 *fill*         0x20000254        0x4 
                0x20000258                PROVIDE (end, .)
                [!provide]                PROVIDE (_end, .)
                0x20000458                . = (. + _Min_Heap_Size)
 *fill*         0x20000258      0x200 
                0x20000858                . = (. + _Min_Stack_Size)
 *fill*         0x20000458      0x400 
                0x20000858                . = ALIGN (0x8)

/DISCARD/
 libc.a(*)
 libm.a(*)
 libgcc.a(*)

.ARM.attributes
                0x00000000       0x29
 *(.ARM.attributes)
 .ARM.attributes
                0x00000000       0x1d c:/ac6/systemworkbench/plugins/fr.ac6.mcu.externaltools.arm-none.win32_1.16.0.201807130628/tools/compiler/bin/../lib/gcc/arm-none-eabi/7.2.1/thumb/v7-m/crti.o
 .ARM.attributes
                0x0000001d       0x2d c:/ac6/systemworkbench/plugins/fr.ac6.mcu.externaltools.arm-none.win32_1.16.0.201807130628/tools/compiler/bin/../lib/gcc/arm-none-eabi/7.2.1/thumb/v7-m/crtbegin.o
 .ARM.attributes
                0x0000004a       0x33 Drivers/STM32F1xx_HAL_Driver/stm32f1xx_hal.o
 .ARM.attributes
                0x0000007d       0x33 Drivers/STM32F1xx_HAL_Driver/stm32f1xx_hal_cortex.o
 .ARM.attributes
                0x000000b0       0x33 Drivers/STM32F1xx_HAL_Driver/stm32f1xx_hal_dma.o
 .ARM.attributes
                0x000000e3       0x33 Drivers/STM32F1xx_HAL_Driver/stm32f1xx_hal_gpio.o
 .ARM.attributes
                0x00000116       0x33 Drivers/STM32F1xx_HAL_Driver/stm32f1xx_hal_i2c.o
 .ARM.attributes
                0x00000149       0x33 Drivers/STM32F1xx_HAL_Driver/stm32f1xx_hal_rcc.o
 .ARM.attributes
                0x0000017c       0x33 Drivers/STM32F1xx_HAL_Driver/stm32f1xx_hal_spi_ex.o
 .ARM.attributes
                0x000001af       0x33 Drivers/STM32F1xx_HAL_Driver/stm32f1xx_hal_tim.o
 .ARM.attributes
                0x000001e2       0x33 Drivers/STM32F1xx_HAL_Driver/stm32f1xx_hal_tim_ex.o
 .ARM.attributes
                0x00000215       0x33 Drivers/STM32F1xx_HAL_Driver/stm32f1xx_hal_uart.o
 .ARM.attributes
                0x00000248       0x33 Src/dev/sensor/hc_06.o
 .ARM.attributes
                0x0000027b       0x33 Src/main.o
 .ARM.attributes
                0x000002ae       0x33 Src/stm32f1xx_hal_msp.o
 .ARM.attributes
                0x000002e1       0x33 Src/stm32f1xx_it.o
 .ARM.attributes
                0x00000314       0x33 Src/system_stm32f1xx.o
 .ARM.attributes
                0x00000347       0x21 startup/startup_stm32f103xb.o
 .ARM.attributes
                0x00000368       0x2d c:/ac6/systemworkbench/plugins/fr.ac6.mcu.externaltools.arm-none.win32_1.16.0.201807130628/tools/compiler/bin/../lib/gcc/arm-none-eabi/7.2.1/../../../../arm-none-eabi/lib/thumb/v7-m\libc_nano.a(lib_a-impure.o)
 .ARM.attributes
                0x00000395       0x2d c:/ac6/systemworkbench/plugins/fr.ac6.mcu.externaltools.arm-none.win32_1.16.0.201807130628/tools/compiler/bin/../lib/gcc/arm-none-eabi/7.2.1/../../../../arm-none-eabi/lib/thumb/v7-m\libc_nano.a(lib_a-init.o)
 .ARM.attributes
                0x000003c2       0x2d c:/ac6/systemworkbench/plugins/fr.ac6.mcu.externaltools.arm-none.win32_1.16.0.201807130628/tools/compiler/bin/../lib/gcc/arm-none-eabi/7.2.1/../../../../arm-none-eabi/lib/thumb/v7-m\libc_nano.a(lib_a-memset.o)
 .ARM.attributes
                0x000003ef       0x2d c:/ac6/systemworkbench/plugins/fr.ac6.mcu.externaltools.arm-none.win32_1.16.0.201807130628/tools/compiler/bin/../lib/gcc/arm-none-eabi/7.2.1/../../../../arm-none-eabi/lib/thumb/v7-m\libc_nano.a(lib_a-printf.o)
 .ARM.attributes
                0x0000041c       0x2d c:/ac6/systemworkbench/plugins/fr.ac6.mcu.externaltools.arm-none.win32_1.16.0.201807130628/tools/compiler/bin/../lib/gcc/arm-none-eabi/7.2.1/../../../../arm-none-eabi/lib/thumb/v7-m\libc_nano.a(lib_a-puts.o)
 .ARM.attributes
                0x00000449       0x2d c:/ac6/systemworkbench/plugins/fr.ac6.mcu.externaltools.arm-none.win32_1.16.0.201807130628/tools/compiler/bin/../lib/gcc/arm-none-eabi/7.2.1/../../../../arm-none-eabi/lib/thumb/v7-m\libc_nano.a(lib_a-sprintf.o)
 .ARM.attributes
                0x00000476       0x17 c:/ac6/systemworkbench/plugins/fr.ac6.mcu.externaltools.arm-none.win32_1.16.0.201807130628/tools/compiler/bin/../lib/gcc/arm-none-eabi/7.2.1/../../../../arm-none-eabi/lib/thumb/v7-m\libc_nano.a(lib_a-strlen.o)
 .ARM.attributes
                0x0000048d       0x2d c:/ac6/systemworkbench/plugins/fr.ac6.mcu.externaltools.arm-none.win32_1.16.0.201807130628/tools/compiler/bin/../lib/gcc/arm-none-eabi/7.2.1/../../../../arm-none-eabi/lib/thumb/v7-m\libc_nano.a(lib_a-wbuf.o)
 .ARM.attributes
                0x000004ba       0x2d c:/ac6/systemworkbench/plugins/fr.ac6.mcu.externaltools.arm-none.win32_1.16.0.201807130628/tools/compiler/bin/../lib/gcc/arm-none-eabi/7.2.1/../../../../arm-none-eabi/lib/thumb/v7-m\libc_nano.a(lib_a-wsetup.o)
 .ARM.attributes
                0x000004e7       0x2d c:/ac6/systemworkbench/plugins/fr.ac6.mcu.externaltools.arm-none.win32_1.16.0.201807130628/tools/compiler/bin/../lib/gcc/arm-none-eabi/7.2.1/../../../../arm-none-eabi/lib/thumb/v7-m\libc_nano.a(lib_a-fflush.o)
 .ARM.attributes
                0x00000514       0x2d c:/ac6/systemworkbench/plugins/fr.ac6.mcu.externaltools.arm-none.win32_1.16.0.201807130628/tools/compiler/bin/../lib/gcc/arm-none-eabi/7.2.1/../../../../arm-none-eabi/lib/thumb/v7-m\libc_nano.a(lib_a-findfp.o)
 .ARM.attributes
                0x00000541       0x2d c:/ac6/systemworkbench/plugins/fr.ac6.mcu.externaltools.arm-none.win32_1.16.0.201807130628/tools/compiler/bin/../lib/gcc/arm-none-eabi/7.2.1/../../../../arm-none-eabi/lib/thumb/v7-m\libc_nano.a(lib_a-fwalk.o)
 .ARM.attributes
                0x0000056e       0x2d c:/ac6/systemworkbench/plugins/fr.ac6.mcu.externaltools.arm-none.win32_1.16.0.201807130628/tools/compiler/bin/../lib/gcc/arm-none-eabi/7.2.1/../../../../arm-none-eabi/lib/thumb/v7-m\libc_nano.a(lib_a-makebuf.o)
 .ARM.attributes
                0x0000059b       0x2d c:/ac6/systemworkbench/plugins/fr.ac6.mcu.externaltools.arm-none.win32_1.16.0.201807130628/tools/compiler/bin/../lib/gcc/arm-none-eabi/7.2.1/../../../../arm-none-eabi/lib/thumb/v7-m\libc_nano.a(lib_a-nano-freer.o)
 .ARM.attributes
                0x000005c8       0x2d c:/ac6/systemworkbench/plugins/fr.ac6.mcu.externaltools.arm-none.win32_1.16.0.201807130628/tools/compiler/bin/../lib/gcc/arm-none-eabi/7.2.1/../../../../arm-none-eabi/lib/thumb/v7-m\libc_nano.a(lib_a-nano-mallocr.o)
 .ARM.attributes
                0x000005f5       0x2d c:/ac6/systemworkbench/plugins/fr.ac6.mcu.externaltools.arm-none.win32_1.16.0.201807130628/tools/compiler/bin/../lib/gcc/arm-none-eabi/7.2.1/../../../../arm-none-eabi/lib/thumb/v7-m\libc_nano.a(lib_a-nano-svfprintf.o)
 .ARM.attributes
                0x00000622       0x2d c:/ac6/systemworkbench/plugins/fr.ac6.mcu.externaltools.arm-none.win32_1.16.0.201807130628/tools/compiler/bin/../lib/gcc/arm-none-eabi/7.2.1/../../../../arm-none-eabi/lib/thumb/v7-m\libc_nano.a(lib_a-nano-vfprintf.o)
 .ARM.attributes
                0x0000064f       0x2d c:/ac6/systemworkbench/plugins/fr.ac6.mcu.externaltools.arm-none.win32_1.16.0.201807130628/tools/compiler/bin/../lib/gcc/arm-none-eabi/7.2.1/../../../../arm-none-eabi/lib/thumb/v7-m\libc_nano.a(lib_a-nano-vfprintf_i.o)
 .ARM.attributes
                0x0000067c       0x2d c:/ac6/systemworkbench/plugins/fr.ac6.mcu.externaltools.arm-none.win32_1.16.0.201807130628/tools/compiler/bin/../lib/gcc/arm-none-eabi/7.2.1/../../../../arm-none-eabi/lib/thumb/v7-m\libc_nano.a(lib_a-sbrkr.o)
 .ARM.attributes
                0x000006a9       0x2d c:/ac6/systemworkbench/plugins/fr.ac6.mcu.externaltools.arm-none.win32_1.16.0.201807130628/tools/compiler/bin/../lib/gcc/arm-none-eabi/7.2.1/../../../../arm-none-eabi/lib/thumb/v7-m\libc_nano.a(lib_a-stdio.o)
 .ARM.attributes
                0x000006d6       0x2d c:/ac6/systemworkbench/plugins/fr.ac6.mcu.externaltools.arm-none.win32_1.16.0.201807130628/tools/compiler/bin/../lib/gcc/arm-none-eabi/7.2.1/../../../../arm-none-eabi/lib/thumb/v7-m\libc_nano.a(lib_a-writer.o)
 .ARM.attributes
                0x00000703       0x2d c:/ac6/systemworkbench/plugins/fr.ac6.mcu.externaltools.arm-none.win32_1.16.0.201807130628/tools/compiler/bin/../lib/gcc/arm-none-eabi/7.2.1/../../../../arm-none-eabi/lib/thumb/v7-m\libc_nano.a(lib_a-closer.o)
 .ARM.attributes
                0x00000730       0x2d c:/ac6/systemworkbench/plugins/fr.ac6.mcu.externaltools.arm-none.win32_1.16.0.201807130628/tools/compiler/bin/../lib/gcc/arm-none-eabi/7.2.1/../../../../arm-none-eabi/lib/thumb/v7-m\libc_nano.a(lib_a-fstatr.o)
 .ARM.attributes
                0x0000075d       0x2d c:/ac6/systemworkbench/plugins/fr.ac6.mcu.externaltools.arm-none.win32_1.16.0.201807130628/tools/compiler/bin/../lib/gcc/arm-none-eabi/7.2.1/../../../../arm-none-eabi/lib/thumb/v7-m\libc_nano.a(lib_a-isattyr.o)
 .ARM.attributes
                0x0000078a       0x2d c:/ac6/systemworkbench/plugins/fr.ac6.mcu.externaltools.arm-none.win32_1.16.0.201807130628/tools/compiler/bin/../lib/gcc/arm-none-eabi/7.2.1/../../../../arm-none-eabi/lib/thumb/v7-m\libc_nano.a(lib_a-lseekr.o)
 .ARM.attributes
                0x000007b7       0x2d c:/ac6/systemworkbench/plugins/fr.ac6.mcu.externaltools.arm-none.win32_1.16.0.201807130628/tools/compiler/bin/../lib/gcc/arm-none-eabi/7.2.1/../../../../arm-none-eabi/lib/thumb/v7-m\libc_nano.a(lib_a-memchr-stub.o)
 .ARM.attributes
                0x000007e4       0x2d c:/ac6/systemworkbench/plugins/fr.ac6.mcu.externaltools.arm-none.win32_1.16.0.201807130628/tools/compiler/bin/../lib/gcc/arm-none-eabi/7.2.1/../../../../arm-none-eabi/lib/thumb/v7-m\libc_nano.a(lib_a-memcpy-stub.o)
 .ARM.attributes
                0x00000811       0x2d c:/ac6/systemworkbench/plugins/fr.ac6.mcu.externaltools.arm-none.win32_1.16.0.201807130628/tools/compiler/bin/../lib/gcc/arm-none-eabi/7.2.1/../../../../arm-none-eabi/lib/thumb/v7-m\libc_nano.a(lib_a-memmove.o)
 .ARM.attributes
                0x0000083e       0x2d c:/ac6/systemworkbench/plugins/fr.ac6.mcu.externaltools.arm-none.win32_1.16.0.201807130628/tools/compiler/bin/../lib/gcc/arm-none-eabi/7.2.1/../../../../arm-none-eabi/lib/thumb/v7-m\libc_nano.a(lib_a-mlock.o)
 .ARM.attributes
                0x0000086b       0x2d c:/ac6/systemworkbench/plugins/fr.ac6.mcu.externaltools.arm-none.win32_1.16.0.201807130628/tools/compiler/bin/../lib/gcc/arm-none-eabi/7.2.1/../../../../arm-none-eabi/lib/thumb/v7-m\libc_nano.a(lib_a-nano-reallocr.o)
 .ARM.attributes
                0x00000898       0x2d c:/ac6/systemworkbench/plugins/fr.ac6.mcu.externaltools.arm-none.win32_1.16.0.201807130628/tools/compiler/bin/../lib/gcc/arm-none-eabi/7.2.1/../../../../arm-none-eabi/lib/thumb/v7-m\libc_nano.a(lib_a-readr.o)
 .ARM.attributes
                0x000008c5       0x2d c:/ac6/systemworkbench/plugins/fr.ac6.mcu.externaltools.arm-none.win32_1.16.0.201807130628/tools/compiler/bin/../lib/gcc/arm-none-eabi/7.2.1/../../../../arm-none-eabi/lib/thumb/v7-m\libc_nano.a(lib_a-reent.o)
 .ARM.attributes
                0x000008f2       0x2d c:/ac6/systemworkbench/plugins/fr.ac6.mcu.externaltools.arm-none.win32_1.16.0.201807130628/tools/compiler/bin/../lib/gcc/arm-none-eabi/7.2.1/../../../../arm-none-eabi/lib/thumb/v7-m\libc_nano.a(lib_a-nano-msizer.o)
 .ARM.attributes
                0x0000091f       0x2d c:/ac6/systemworkbench/plugins/fr.ac6.mcu.externaltools.arm-none.win32_1.16.0.201807130628/tools/compiler/bin/../lib/gcc/arm-none-eabi/7.2.1/../../../../arm-none-eabi/lib/thumb/v7-m\libnosys.a(close.o)
 .ARM.attributes
                0x0000094c       0x2d c:/ac6/systemworkbench/plugins/fr.ac6.mcu.externaltools.arm-none.win32_1.16.0.201807130628/tools/compiler/bin/../lib/gcc/arm-none-eabi/7.2.1/../../../../arm-none-eabi/lib/thumb/v7-m\libnosys.a(fstat.o)
 .ARM.attributes
                0x00000979       0x2d c:/ac6/systemworkbench/plugins/fr.ac6.mcu.externaltools.arm-none.win32_1.16.0.201807130628/tools/compiler/bin/../lib/gcc/arm-none-eabi/7.2.1/../../../../arm-none-eabi/lib/thumb/v7-m\libnosys.a(isatty.o)
 .ARM.attributes
                0x000009a6       0x2d c:/ac6/systemworkbench/plugins/fr.ac6.mcu.externaltools.arm-none.win32_1.16.0.201807130628/tools/compiler/bin/../lib/gcc/arm-none-eabi/7.2.1/../../../../arm-none-eabi/lib/thumb/v7-m\libnosys.a(lseek.o)
 .ARM.attributes
                0x000009d3       0x2d c:/ac6/systemworkbench/plugins/fr.ac6.mcu.externaltools.arm-none.win32_1.16.0.201807130628/tools/compiler/bin/../lib/gcc/arm-none-eabi/7.2.1/../../../../arm-none-eabi/lib/thumb/v7-m\libnosys.a(read.o)
 .ARM.attributes
                0x00000a00       0x2d c:/ac6/systemworkbench/plugins/fr.ac6.mcu.externaltools.arm-none.win32_1.16.0.201807130628/tools/compiler/bin/../lib/gcc/arm-none-eabi/7.2.1/../../../../arm-none-eabi/lib/thumb/v7-m\libnosys.a(sbrk.o)
 .ARM.attributes
                0x00000a2d       0x1d c:/ac6/systemworkbench/plugins/fr.ac6.mcu.externaltools.arm-none.win32_1.16.0.201807130628/tools/compiler/bin/../lib/gcc/arm-none-eabi/7.2.1/thumb/v7-m/crtn.o
OUTPUT(stm32f103cb.elf elf32-littlearm)

.debug_info     0x00000000    0x178fa
 .debug_info    0x00000000      0xfa6 Drivers/STM32F1xx_HAL_Driver/stm32f1xx_hal.o
 .debug_info    0x00000fa6     0x1475 Drivers/STM32F1xx_HAL_Driver/stm32f1xx_hal_cortex.o
 .debug_info    0x0000241b     0x1014 Drivers/STM32F1xx_HAL_Driver/stm32f1xx_hal_dma.o
 .debug_info    0x0000342f      0xe87 Drivers/STM32F1xx_HAL_Driver/stm32f1xx_hal_gpio.o
 .debug_info    0x000042b6     0x379a Drivers/STM32F1xx_HAL_Driver/stm32f1xx_hal_i2c.o
 .debug_info    0x00007a50     0x11ef Drivers/STM32F1xx_HAL_Driver/stm32f1xx_hal_rcc.o
 .debug_info    0x00008c3f      0xe25 Drivers/STM32F1xx_HAL_Driver/stm32f1xx_hal_spi_ex.o
 .debug_info    0x00009a64     0x3660 Drivers/STM32F1xx_HAL_Driver/stm32f1xx_hal_tim.o
 .debug_info    0x0000d0c4     0x1aa8 Drivers/STM32F1xx_HAL_Driver/stm32f1xx_hal_tim_ex.o
 .debug_info    0x0000eb6c     0x1e7b Drivers/STM32F1xx_HAL_Driver/stm32f1xx_hal_uart.o
 .debug_info    0x000109e7     0x11c3 Src/dev/sensor/hc_06.o
 .debug_info    0x00011baa     0x221e Src/main.o
 .debug_info    0x00013dc8     0x1d17 Src/stm32f1xx_hal_msp.o
 .debug_info    0x00015adf     0x11e4 Src/stm32f1xx_it.o
 .debug_info    0x00016cc3      0xc15 Src/system_stm32f1xx.o
 .debug_info    0x000178d8       0x22 startup/startup_stm32f103xb.o

.debug_abbrev   0x00000000     0x2aa5
 .debug_abbrev  0x00000000      0x2f4 Drivers/STM32F1xx_HAL_Driver/stm32f1xx_hal.o
 .debug_abbrev  0x000002f4      0x3cd Drivers/STM32F1xx_HAL_Driver/stm32f1xx_hal_cortex.o
 .debug_abbrev  0x000006c1      0x2e5 Drivers/STM32F1xx_HAL_Driver/stm32f1xx_hal_dma.o
 .debug_abbrev  0x000009a6      0x2a7 Drivers/STM32F1xx_HAL_Driver/stm32f1xx_hal_gpio.o
 .debug_abbrev  0x00000c4d      0x308 Drivers/STM32F1xx_HAL_Driver/stm32f1xx_hal_i2c.o
 .debug_abbrev  0x00000f55      0x335 Drivers/STM32F1xx_HAL_Driver/stm32f1xx_hal_rcc.o
 .debug_abbrev  0x0000128a      0x209 Drivers/STM32F1xx_HAL_Driver/stm32f1xx_hal_spi_ex.o
 .debug_abbrev  0x00001493      0x2ef Drivers/STM32F1xx_HAL_Driver/stm32f1xx_hal_tim.o
 .debug_abbrev  0x00001782      0x2e0 Drivers/STM32F1xx_HAL_Driver/stm32f1xx_hal_tim_ex.o
 .debug_abbrev  0x00001a62      0x308 Drivers/STM32F1xx_HAL_Driver/stm32f1xx_hal_uart.o
 .debug_abbrev  0x00001d6a      0x2a6 Src/dev/sensor/hc_06.o
 .debug_abbrev  0x00002010      0x336 Src/main.o
 .debug_abbrev  0x00002346      0x2b5 Src/stm32f1xx_hal_msp.o
 .debug_abbrev  0x000025fb      0x270 Src/stm32f1xx_it.o
 .debug_abbrev  0x0000286b      0x228 Src/system_stm32f1xx.o
 .debug_abbrev  0x00002a93       0x12 startup/startup_stm32f103xb.o

.debug_loc      0x00000000     0xaa43
 .debug_loc     0x00000000       0xfd Drivers/STM32F1xx_HAL_Driver/stm32f1xx_hal.o
 .debug_loc     0x000000fd      0x5ad Drivers/STM32F1xx_HAL_Driver/stm32f1xx_hal_cortex.o
 .debug_loc     0x000006aa      0x7aa Drivers/STM32F1xx_HAL_Driver/stm32f1xx_hal_dma.o
 .debug_loc     0x00000e54      0x44e Drivers/STM32F1xx_HAL_Driver/stm32f1xx_hal_gpio.o
 .debug_loc     0x000012a2     0x31db Drivers/STM32F1xx_HAL_Driver/stm32f1xx_hal_i2c.o
 .debug_loc     0x0000447d      0x4f6 Drivers/STM32F1xx_HAL_Driver/stm32f1xx_hal_rcc.o
 .debug_loc     0x00004973       0x4d Drivers/STM32F1xx_HAL_Driver/stm32f1xx_hal_spi_ex.o
 .debug_loc     0x000049c0     0x367a Drivers/STM32F1xx_HAL_Driver/stm32f1xx_hal_tim.o
 .debug_loc     0x0000803a      0xf9e Drivers/STM32F1xx_HAL_Driver/stm32f1xx_hal_tim_ex.o
 .debug_loc     0x00008fd8     0x1529 Drivers/STM32F1xx_HAL_Driver/stm32f1xx_hal_uart.o
 .debug_loc     0x0000a501      0x1db Src/dev/sensor/hc_06.o
 .debug_loc     0x0000a6dc       0x9f Src/main.o
 .debug_loc     0x0000a77b      0x1e9 Src/stm32f1xx_hal_msp.o
 .debug_loc     0x0000a964       0xdf Src/system_stm32f1xx.o

.debug_aranges  0x00000000      0xdd0
 .debug_aranges
                0x00000000       0xd0 Drivers/STM32F1xx_HAL_Driver/stm32f1xx_hal.o
 .debug_aranges
                0x000000d0       0x90 Drivers/STM32F1xx_HAL_Driver/stm32f1xx_hal_cortex.o
 .debug_aranges
                0x00000160       0x80 Drivers/STM32F1xx_HAL_Driver/stm32f1xx_hal_dma.o
 .debug_aranges
                0x000001e0       0x58 Drivers/STM32F1xx_HAL_Driver/stm32f1xx_hal_gpio.o
 .debug_aranges
                0x00000238      0x268 Drivers/STM32F1xx_HAL_Driver/stm32f1xx_hal_i2c.o
 .debug_aranges
                0x000004a0       0x90 Drivers/STM32F1xx_HAL_Driver/stm32f1xx_hal_rcc.o
 .debug_aranges
                0x00000530       0x20 Drivers/STM32F1xx_HAL_Driver/stm32f1xx_hal_spi_ex.o
 .debug_aranges
                0x00000550      0x368 Drivers/STM32F1xx_HAL_Driver/stm32f1xx_hal_tim.o
 .debug_aranges
                0x000008b8      0x138 Drivers/STM32F1xx_HAL_Driver/stm32f1xx_hal_tim_ex.o
 .debug_aranges
                0x000009f0      0x1d0 Drivers/STM32F1xx_HAL_Driver/stm32f1xx_hal_uart.o
 .debug_aranges
                0x00000bc0       0x48 Src/dev/sensor/hc_06.o
 .debug_aranges
                0x00000c08       0x80 Src/main.o
 .debug_aranges
                0x00000c88       0x68 Src/stm32f1xx_hal_msp.o
 .debug_aranges
                0x00000cf0       0x90 Src/stm32f1xx_it.o
 .debug_aranges
                0x00000d80       0x28 Src/system_stm32f1xx.o
 .debug_aranges
                0x00000da8       0x28 startup/startup_stm32f103xb.o

.debug_ranges   0x00000000      0xd58
 .debug_ranges  0x00000000       0xc0 Drivers/STM32F1xx_HAL_Driver/stm32f1xx_hal.o
 .debug_ranges  0x000000c0       0xe0 Drivers/STM32F1xx_HAL_Driver/stm32f1xx_hal_cortex.o
 .debug_ranges  0x000001a0       0x70 Drivers/STM32F1xx_HAL_Driver/stm32f1xx_hal_dma.o
 .debug_ranges  0x00000210       0x48 Drivers/STM32F1xx_HAL_Driver/stm32f1xx_hal_gpio.o
 .debug_ranges  0x00000258      0x258 Drivers/STM32F1xx_HAL_Driver/stm32f1xx_hal_i2c.o
 .debug_ranges  0x000004b0       0xa0 Drivers/STM32F1xx_HAL_Driver/stm32f1xx_hal_rcc.o
 .debug_ranges  0x00000550       0x10 Drivers/STM32F1xx_HAL_Driver/stm32f1xx_hal_spi_ex.o
 .debug_ranges  0x00000560      0x358 Drivers/STM32F1xx_HAL_Driver/stm32f1xx_hal_tim.o
 .debug_ranges  0x000008b8      0x128 Drivers/STM32F1xx_HAL_Driver/stm32f1xx_hal_tim_ex.o
 .debug_ranges  0x000009e0      0x1c0 Drivers/STM32F1xx_HAL_Driver/stm32f1xx_hal_uart.o
 .debug_ranges  0x00000ba0       0x38 Src/dev/sensor/hc_06.o
 .debug_ranges  0x00000bd8       0x70 Src/main.o
 .debug_ranges  0x00000c48       0x58 Src/stm32f1xx_hal_msp.o
 .debug_ranges  0x00000ca0       0x80 Src/stm32f1xx_it.o
 .debug_ranges  0x00000d20       0x18 Src/system_stm32f1xx.o
 .debug_ranges  0x00000d38       0x20 startup/startup_stm32f103xb.o

.debug_macro    0x00000000    0x1682b
 .debug_macro   0x00000000      0x32b Drivers/STM32F1xx_HAL_Driver/stm32f1xx_hal.o
 .debug_macro   0x0000032b      0xa60 Drivers/STM32F1xx_HAL_Driver/stm32f1xx_hal.o
 .debug_macro   0x00000d8b       0xdc Drivers/STM32F1xx_HAL_Driver/stm32f1xx_hal.o
 .debug_macro   0x00000e67      0x175 Drivers/STM32F1xx_HAL_Driver/stm32f1xx_hal.o
 .debug_macro   0x00000fdc       0x2e Drivers/STM32F1xx_HAL_Driver/stm32f1xx_hal.o
 .debug_macro   0x0000100a       0x22 Drivers/STM32F1xx_HAL_Driver/stm32f1xx_hal.o
 .debug_macro   0x0000102c       0x22 Drivers/STM32F1xx_HAL_Driver/stm32f1xx_hal.o
 .debug_macro   0x0000104e       0x87 Drivers/STM32F1xx_HAL_Driver/stm32f1xx_hal.o
 .debug_macro   0x000010d5       0x51 Drivers/STM32F1xx_HAL_Driver/stm32f1xx_hal.o
 .debug_macro   0x00001126       0xef Drivers/STM32F1xx_HAL_Driver/stm32f1xx_hal.o
 .debug_macro   0x00001215       0x6a Drivers/STM32F1xx_HAL_Driver/stm32f1xx_hal.o
 .debug_macro   0x0000127f      0x1df Drivers/STM32F1xx_HAL_Driver/stm32f1xx_hal.o
 .debug_macro   0x0000145e       0x34 Drivers/STM32F1xx_HAL_Driver/stm32f1xx_hal.o
 .debug_macro   0x00001492       0x34 Drivers/STM32F1xx_HAL_Driver/stm32f1xx_hal.o
 .debug_macro   0x000014c6      0xb8e Drivers/STM32F1xx_HAL_Driver/stm32f1xx_hal.o
 .debug_macro   0x00002054     0xe90a Drivers/STM32F1xx_HAL_Driver/stm32f1xx_hal.o
 .debug_macro   0x0001095e       0x43 Drivers/STM32F1xx_HAL_Driver/stm32f1xx_hal.o
 .debug_macro   0x000109a1       0x58 Drivers/STM32F1xx_HAL_Driver/stm32f1xx_hal.o
 .debug_macro   0x000109f9       0x17 Drivers/STM32F1xx_HAL_Driver/stm32f1xx_hal.o
 .debug_macro   0x00010a10       0x35 Drivers/STM32F1xx_HAL_Driver/stm32f1xx_hal.o
 .debug_macro   0x00010a45       0x9c Drivers/STM32F1xx_HAL_Driver/stm32f1xx_hal.o
 .debug_macro   0x00010ae1       0x16 Drivers/STM32F1xx_HAL_Driver/stm32f1xx_hal.o
 .debug_macro   0x00010af7       0x97 Drivers/STM32F1xx_HAL_Driver/stm32f1xx_hal.o
 .debug_macro   0x00010b8e      0x330 Drivers/STM32F1xx_HAL_Driver/stm32f1xx_hal.o
 .debug_macro   0x00010ebe       0xfd Drivers/STM32F1xx_HAL_Driver/stm32f1xx_hal.o
 .debug_macro   0x00010fbb       0x10 Drivers/STM32F1xx_HAL_Driver/stm32f1xx_hal.o
 .debug_macro   0x00010fcb       0x58 Drivers/STM32F1xx_HAL_Driver/stm32f1xx_hal.o
 .debug_macro   0x00011023       0x1f Drivers/STM32F1xx_HAL_Driver/stm32f1xx_hal.o
 .debug_macro   0x00011042       0x43 Drivers/STM32F1xx_HAL_Driver/stm32f1xx_hal.o
 .debug_macro   0x00011085       0x20 Drivers/STM32F1xx_HAL_Driver/stm32f1xx_hal.o
 .debug_macro   0x000110a5      0x18e Drivers/STM32F1xx_HAL_Driver/stm32f1xx_hal.o
 .debug_macro   0x00011233       0x10 Drivers/STM32F1xx_HAL_Driver/stm32f1xx_hal.o
 .debug_macro   0x00011243       0x1c Drivers/STM32F1xx_HAL_Driver/stm32f1xx_hal.o
 .debug_macro   0x0001125f       0x52 Drivers/STM32F1xx_HAL_Driver/stm32f1xx_hal.o
 .debug_macro   0x000112b1       0x40 Drivers/STM32F1xx_HAL_Driver/stm32f1xx_hal.o
 .debug_macro   0x000112f1       0x10 Drivers/STM32F1xx_HAL_Driver/stm32f1xx_hal.o
 .debug_macro   0x00011301       0x40 Drivers/STM32F1xx_HAL_Driver/stm32f1xx_hal.o
 .debug_macro   0x00011341       0xd7 Drivers/STM32F1xx_HAL_Driver/stm32f1xx_hal.o
 .debug_macro   0x00011418       0x1c Drivers/STM32F1xx_HAL_Driver/stm32f1xx_hal.o
 .debug_macro   0x00011434       0x3d Drivers/STM32F1xx_HAL_Driver/stm32f1xx_hal.o
 .debug_macro   0x00011471       0x16 Drivers/STM32F1xx_HAL_Driver/stm32f1xx_hal.o
 .debug_macro   0x00011487      0x16f Drivers/STM32F1xx_HAL_Driver/stm32f1xx_hal.o
 .debug_macro   0x000115f6       0x50 Drivers/STM32F1xx_HAL_Driver/stm32f1xx_hal.o
 .debug_macro   0x00011646      0x5c2 Drivers/STM32F1xx_HAL_Driver/stm32f1xx_hal.o
 .debug_macro   0x00011c08      0x28a Drivers/STM32F1xx_HAL_Driver/stm32f1xx_hal.o
 .debug_macro   0x00011e92      0x1cb Drivers/STM32F1xx_HAL_Driver/stm32f1xx_hal.o
 .debug_macro   0x0001205d      0x11e Drivers/STM32F1xx_HAL_Driver/stm32f1xx_hal.o
 .debug_macro   0x0001217b      0x1b3 Drivers/STM32F1xx_HAL_Driver/stm32f1xx_hal.o
 .debug_macro   0x0001232e       0x27 Drivers/STM32F1xx_HAL_Driver/stm32f1xx_hal.o
 .debug_macro   0x00012355      0x1bc Drivers/STM32F1xx_HAL_Driver/stm32f1xx_hal.o
 .debug_macro   0x00012511       0x34 Drivers/STM32F1xx_HAL_Driver/stm32f1xx_hal.o
 .debug_macro   0x00012545       0x3c Drivers/STM32F1xx_HAL_Driver/stm32f1xx_hal.o
 .debug_macro   0x00012581       0x57 Drivers/STM32F1xx_HAL_Driver/stm32f1xx_hal.o
 .debug_macro   0x000125d8       0x8c Drivers/STM32F1xx_HAL_Driver/stm32f1xx_hal.o
 .debug_macro   0x00012664      0x242 Drivers/STM32F1xx_HAL_Driver/stm32f1xx_hal.o
 .debug_macro   0x000128a6      0x264 Drivers/STM32F1xx_HAL_Driver/stm32f1xx_hal.o
 .debug_macro   0x00012b0a      0x143 Drivers/STM32F1xx_HAL_Driver/stm32f1xx_hal.o
 .debug_macro   0x00012c4d      0x1f4 Drivers/STM32F1xx_HAL_Driver/stm32f1xx_hal.o
 .debug_macro   0x00012e41      0x84c Drivers/STM32F1xx_HAL_Driver/stm32f1xx_hal.o
 .debug_macro   0x0001368d       0x1f Drivers/STM32F1xx_HAL_Driver/stm32f1xx_hal.o
 .debug_macro   0x000136ac      0x26b Drivers/STM32F1xx_HAL_Driver/stm32f1xx_hal.o
 .debug_macro   0x00013917       0x83 Drivers/STM32F1xx_HAL_Driver/stm32f1xx_hal.o
 .debug_macro   0x0001399a      0x307 Drivers/STM32F1xx_HAL_Driver/stm32f1xx_hal_cortex.o
 .debug_macro   0x00013ca1      0x307 Drivers/STM32F1xx_HAL_Driver/stm32f1xx_hal_dma.o
 .debug_macro   0x00013fa8      0x377 Drivers/STM32F1xx_HAL_Driver/stm32f1xx_hal_gpio.o
 .debug_macro   0x0001431f      0x347 Drivers/STM32F1xx_HAL_Driver/stm32f1xx_hal_i2c.o
 .debug_macro   0x00014666      0x319 Drivers/STM32F1xx_HAL_Driver/stm32f1xx_hal_rcc.o
 .debug_macro   0x0001497f      0x307 Drivers/STM32F1xx_HAL_Driver/stm32f1xx_hal_spi_ex.o
 .debug_macro   0x00014c86      0x307 Drivers/STM32F1xx_HAL_Driver/stm32f1xx_hal_tim.o
 .debug_macro   0x00014f8d      0x307 Drivers/STM32F1xx_HAL_Driver/stm32f1xx_hal_tim_ex.o
 .debug_macro   0x00015294      0x308 Drivers/STM32F1xx_HAL_Driver/stm32f1xx_hal_uart.o
 .debug_macro   0x0001559c      0x335 Src/dev/sensor/hc_06.o
 .debug_macro   0x000158d1       0x52 Src/dev/sensor/hc_06.o
 .debug_macro   0x00015923       0x8d Src/dev/sensor/hc_06.o
 .debug_macro   0x000159b0      0x174 Src/dev/sensor/hc_06.o
 .debug_macro   0x00015b24       0x57 Src/dev/sensor/hc_06.o
 .debug_macro   0x00015b7b       0x10 Src/dev/sensor/hc_06.o
 .debug_macro   0x00015b8b       0x35 Src/dev/sensor/hc_06.o
 .debug_macro   0x00015bc0       0x1c Src/dev/sensor/hc_06.o
 .debug_macro   0x00015bdc       0x16 Src/dev/sensor/hc_06.o
 .debug_macro   0x00015bf2      0x314 Src/main.o
 .debug_macro   0x00015f06      0x307 Src/stm32f1xx_hal_msp.o
 .debug_macro   0x0001620d      0x311 Src/stm32f1xx_it.o
 .debug_macro   0x0001651e      0x30d Src/system_stm32f1xx.o

.debug_line     0x00000000     0xb2e5
 .debug_line    0x00000000      0x95d Drivers/STM32F1xx_HAL_Driver/stm32f1xx_hal.o
 .debug_line    0x0000095d      0x975 Drivers/STM32F1xx_HAL_Driver/stm32f1xx_hal_cortex.o
 .debug_line    0x000012d2      0xb28 Drivers/STM32F1xx_HAL_Driver/stm32f1xx_hal_dma.o
 .debug_line    0x00001dfa      0x95a Drivers/STM32F1xx_HAL_Driver/stm32f1xx_hal_gpio.o
 .debug_line    0x00002754     0x1a0c Drivers/STM32F1xx_HAL_Driver/stm32f1xx_hal_i2c.o
 .debug_line    0x00004160      0xa77 Drivers/STM32F1xx_HAL_Driver/stm32f1xx_hal_rcc.o
 .debug_line    0x00004bd7      0x7d6 Drivers/STM32F1xx_HAL_Driver/stm32f1xx_hal_spi_ex.o
 .debug_line    0x000053ad     0x1772 Drivers/STM32F1xx_HAL_Driver/stm32f1xx_hal_tim.o
 .debug_line    0x00006b1f      0xd2c Drivers/STM32F1xx_HAL_Driver/stm32f1xx_hal_tim_ex.o
 .debug_line    0x0000784b     0x108e Drivers/STM32F1xx_HAL_Driver/stm32f1xx_hal_uart.o
 .debug_line    0x000088d9      0x81c Src/dev/sensor/hc_06.o
 .debug_line    0x000090f5      0x8ef Src/main.o
 .debug_line    0x000099e4      0x882 Src/stm32f1xx_hal_msp.o
 .debug_line    0x0000a266      0x862 Src/stm32f1xx_it.o
 .debug_line    0x0000aac8      0x7a0 Src/system_stm32f1xx.o
 .debug_line    0x0000b268       0x7d startup/startup_stm32f103xb.o

.debug_str      0x00000000    0x75952
 .debug_str     0x00000000    0x71be5 Drivers/STM32F1xx_HAL_Driver/stm32f1xx_hal.o
                              0x71f8b (size before relaxing)
 .debug_str     0x00071be5      0x31b Drivers/STM32F1xx_HAL_Driver/stm32f1xx_hal_cortex.o
                              0x71ee0 (size before relaxing)
 .debug_str     0x00071f00      0x420 Drivers/STM32F1xx_HAL_Driver/stm32f1xx_hal_dma.o
                              0x71c44 (size before relaxing)
 .debug_str     0x00072320      0x3df Drivers/STM32F1xx_HAL_Driver/stm32f1xx_hal_gpio.o
                              0x71c27 (size before relaxing)
 .debug_str     0x000726ff      0xd27 Drivers/STM32F1xx_HAL_Driver/stm32f1xx_hal_i2c.o
                              0x72760 (size before relaxing)
 .debug_str     0x00073426      0x382 Drivers/STM32F1xx_HAL_Driver/stm32f1xx_hal_rcc.o
                              0x71c7c (size before relaxing)
 .debug_str     0x000737a8      0x239 Drivers/STM32F1xx_HAL_Driver/stm32f1xx_hal_spi_ex.o
                              0x71c08 (size before relaxing)
 .debug_str     0x000739e1      0xf47 Drivers/STM32F1xx_HAL_Driver/stm32f1xx_hal_tim.o
                              0x7297c (size before relaxing)
 .debug_str     0x00074928      0x52b Drivers/STM32F1xx_HAL_Driver/stm32f1xx_hal_tim_ex.o
                              0x7221e (size before relaxing)
 .debug_str     0x00074e53      0x6af Drivers/STM32F1xx_HAL_Driver/stm32f1xx_hal_uart.o
                              0x72195 (size before relaxing)
 .debug_str     0x00075502      0x147 Src/dev/sensor/hc_06.o
                              0x71cdb (size before relaxing)
 .debug_str     0x00075649      0x116 Src/main.o
                              0x72919 (size before relaxing)
 .debug_str     0x0007575f       0x36 Src/stm32f1xx_hal_msp.o
                              0x725a9 (size before relaxing)
 .debug_str     0x00075795      0x124 Src/stm32f1xx_it.o
                              0x71e8f (size before relaxing)
 .debug_str     0x000758b9       0x69 Src/system_stm32f1xx.o
                              0x71898 (size before relaxing)
 .debug_str     0x00075922       0x30 startup/startup_stm32f103xb.o
                                 0x52 (size before relaxing)

.comment        0x00000000       0x7e
 .comment       0x00000000       0x7e Drivers/STM32F1xx_HAL_Driver/stm32f1xx_hal.o
                                 0x7f (size before relaxing)
 .comment       0x0000007e       0x7f Drivers/STM32F1xx_HAL_Driver/stm32f1xx_hal_cortex.o
 .comment       0x0000007e       0x7f Drivers/STM32F1xx_HAL_Driver/stm32f1xx_hal_dma.o
 .comment       0x0000007e       0x7f Drivers/STM32F1xx_HAL_Driver/stm32f1xx_hal_gpio.o
 .comment       0x0000007e       0x7f Drivers/STM32F1xx_HAL_Driver/stm32f1xx_hal_i2c.o
 .comment       0x0000007e       0x7f Drivers/STM32F1xx_HAL_Driver/stm32f1xx_hal_rcc.o
 .comment       0x0000007e       0x7f Drivers/STM32F1xx_HAL_Driver/stm32f1xx_hal_spi_ex.o
 .comment       0x0000007e       0x7f Drivers/STM32F1xx_HAL_Driver/stm32f1xx_hal_tim.o
 .comment       0x0000007e       0x7f Drivers/STM32F1xx_HAL_Driver/stm32f1xx_hal_tim_ex.o
 .comment       0x0000007e       0x7f Drivers/STM32F1xx_HAL_Driver/stm32f1xx_hal_uart.o
 .comment       0x0000007e       0x7f Src/dev/sensor/hc_06.o
 .comment       0x0000007e       0x7f Src/main.o
 .comment       0x0000007e       0x7f Src/stm32f1xx_hal_msp.o
 .comment       0x0000007e       0x7f Src/stm32f1xx_it.o
 .comment       0x0000007e       0x7f Src/system_stm32f1xx.o

.debug_frame    0x00000000     0x2fd4
 .debug_frame   0x00000000      0x1ac Drivers/STM32F1xx_HAL_Driver/stm32f1xx_hal.o
 .debug_frame   0x000001ac      0x12c Drivers/STM32F1xx_HAL_Driver/stm32f1xx_hal_cortex.o
 .debug_frame   0x000002d8      0x148 Drivers/STM32F1xx_HAL_Driver/stm32f1xx_hal_dma.o
 .debug_frame   0x00000420       0xd4 Drivers/STM32F1xx_HAL_Driver/stm32f1xx_hal_gpio.o
 .debug_frame   0x000004f4      0x87c Drivers/STM32F1xx_HAL_Driver/stm32f1xx_hal_i2c.o
 .debug_frame   0x00000d70      0x174 Drivers/STM32F1xx_HAL_Driver/stm32f1xx_hal_rcc.o
 .debug_frame   0x00000ee4       0x2c Drivers/STM32F1xx_HAL_Driver/stm32f1xx_hal_spi_ex.o
 .debug_frame   0x00000f10      0x9e0 Drivers/STM32F1xx_HAL_Driver/stm32f1xx_hal_tim.o
 .debug_frame   0x000018f0      0x374 Drivers/STM32F1xx_HAL_Driver/stm32f1xx_hal_tim_ex.o
 .debug_frame   0x00001c64      0x4f0 Drivers/STM32F1xx_HAL_Driver/stm32f1xx_hal_uart.o
 .debug_frame   0x00002154       0xbc Src/dev/sensor/hc_06.o
 .debug_frame   0x00002210      0x160 Src/main.o
 .debug_frame   0x00002370      0x11c Src/stm32f1xx_hal_msp.o
 .debug_frame   0x0000248c      0x138 Src/stm32f1xx_it.o
 .debug_frame   0x000025c4       0x30 Src/system_stm32f1xx.o
 .debug_frame   0x000025f4       0x2c c:/ac6/systemworkbench/plugins/fr.ac6.mcu.externaltools.arm-none.win32_1.16.0.201807130628/tools/compiler/bin/../lib/gcc/arm-none-eabi/7.2.1/../../../../arm-none-eabi/lib/thumb/v7-m\libc_nano.a(lib_a-init.o)
 .debug_frame   0x00002620       0x20 c:/ac6/systemworkbench/plugins/fr.ac6.mcu.externaltools.arm-none.win32_1.16.0.201807130628/tools/compiler/bin/../lib/gcc/arm-none-eabi/7.2.1/../../../../arm-none-eabi/lib/thumb/v7-m\libc_nano.a(lib_a-memset.o)
 .debug_frame   0x00002640       0x74 c:/ac6/systemworkbench/plugins/fr.ac6.mcu.externaltools.arm-none.win32_1.16.0.201807130628/tools/compiler/bin/../lib/gcc/arm-none-eabi/7.2.1/../../../../arm-none-eabi/lib/thumb/v7-m\libc_nano.a(lib_a-printf.o)
 .debug_frame   0x000026b4       0x3c c:/ac6/systemworkbench/plugins/fr.ac6.mcu.externaltools.arm-none.win32_1.16.0.201807130628/tools/compiler/bin/../lib/gcc/arm-none-eabi/7.2.1/../../../../arm-none-eabi/lib/thumb/v7-m\libc_nano.a(lib_a-puts.o)
 .debug_frame   0x000026f0       0x6c c:/ac6/systemworkbench/plugins/fr.ac6.mcu.externaltools.arm-none.win32_1.16.0.201807130628/tools/compiler/bin/../lib/gcc/arm-none-eabi/7.2.1/../../../../arm-none-eabi/lib/thumb/v7-m\libc_nano.a(lib_a-sprintf.o)
 .debug_frame   0x0000275c       0x40 c:/ac6/systemworkbench/plugins/fr.ac6.mcu.externaltools.arm-none.win32_1.16.0.201807130628/tools/compiler/bin/../lib/gcc/arm-none-eabi/7.2.1/../../../../arm-none-eabi/lib/thumb/v7-m\libc_nano.a(lib_a-wbuf.o)
 .debug_frame   0x0000279c       0x2c c:/ac6/systemworkbench/plugins/fr.ac6.mcu.externaltools.arm-none.win32_1.16.0.201807130628/tools/compiler/bin/../lib/gcc/arm-none-eabi/7.2.1/../../../../arm-none-eabi/lib/thumb/v7-m\libc_nano.a(lib_a-wsetup.o)
 .debug_frame   0x000027c8       0x68 c:/ac6/systemworkbench/plugins/fr.ac6.mcu.externaltools.arm-none.win32_1.16.0.201807130628/tools/compiler/bin/../lib/gcc/arm-none-eabi/7.2.1/../../../../arm-none-eabi/lib/thumb/v7-m\libc_nano.a(lib_a-fflush.o)
 .debug_frame   0x00002830      0x11c c:/ac6/systemworkbench/plugins/fr.ac6.mcu.externaltools.arm-none.win32_1.16.0.201807130628/tools/compiler/bin/../lib/gcc/arm-none-eabi/7.2.1/../../../../arm-none-eabi/lib/thumb/v7-m\libc_nano.a(lib_a-findfp.o)
 .debug_frame   0x0000294c       0x54 c:/ac6/systemworkbench/plugins/fr.ac6.mcu.externaltools.arm-none.win32_1.16.0.201807130628/tools/compiler/bin/../lib/gcc/arm-none-eabi/7.2.1/../../../../arm-none-eabi/lib/thumb/v7-m\libc_nano.a(lib_a-fwalk.o)
 .debug_frame   0x000029a0       0x58 c:/ac6/systemworkbench/plugins/fr.ac6.mcu.externaltools.arm-none.win32_1.16.0.201807130628/tools/compiler/bin/../lib/gcc/arm-none-eabi/7.2.1/../../../../arm-none-eabi/lib/thumb/v7-m\libc_nano.a(lib_a-makebuf.o)
 .debug_frame   0x000029f8       0x38 c:/ac6/systemworkbench/plugins/fr.ac6.mcu.externaltools.arm-none.win32_1.16.0.201807130628/tools/compiler/bin/../lib/gcc/arm-none-eabi/7.2.1/../../../../arm-none-eabi/lib/thumb/v7-m\libc_nano.a(lib_a-nano-freer.o)
 .debug_frame   0x00002a30       0x2c c:/ac6/systemworkbench/plugins/fr.ac6.mcu.externaltools.arm-none.win32_1.16.0.201807130628/tools/compiler/bin/../lib/gcc/arm-none-eabi/7.2.1/../../../../arm-none-eabi/lib/thumb/v7-m\libc_nano.a(lib_a-nano-mallocr.o)
 .debug_frame   0x00002a5c       0x90 c:/ac6/systemworkbench/plugins/fr.ac6.mcu.externaltools.arm-none.win32_1.16.0.201807130628/tools/compiler/bin/../lib/gcc/arm-none-eabi/7.2.1/../../../../arm-none-eabi/lib/thumb/v7-m\libc_nano.a(lib_a-nano-svfprintf.o)
 .debug_frame   0x00002aec       0xac c:/ac6/systemworkbench/plugins/fr.ac6.mcu.externaltools.arm-none.win32_1.16.0.201807130628/tools/compiler/bin/../lib/gcc/arm-none-eabi/7.2.1/../../../../arm-none-eabi/lib/thumb/v7-m\libc_nano.a(lib_a-nano-vfprintf.o)
 .debug_frame   0x00002b98       0x60 c:/ac6/systemworkbench/plugins/fr.ac6.mcu.externaltools.arm-none.win32_1.16.0.201807130628/tools/compiler/bin/../lib/gcc/arm-none-eabi/7.2.1/../../../../arm-none-eabi/lib/thumb/v7-m\libc_nano.a(lib_a-nano-vfprintf_i.o)
 .debug_frame   0x00002bf8       0x2c c:/ac6/systemworkbench/plugins/fr.ac6.mcu.externaltools.arm-none.win32_1.16.0.201807130628/tools/compiler/bin/../lib/gcc/arm-none-eabi/7.2.1/../../../../arm-none-eabi/lib/thumb/v7-m\libc_nano.a(lib_a-sbrkr.o)
 .debug_frame   0x00002c24       0x88 c:/ac6/systemworkbench/plugins/fr.ac6.mcu.externaltools.arm-none.win32_1.16.0.201807130628/tools/compiler/bin/../lib/gcc/arm-none-eabi/7.2.1/../../../../arm-none-eabi/lib/thumb/v7-m\libc_nano.a(lib_a-stdio.o)
 .debug_frame   0x00002cac       0x2c c:/ac6/systemworkbench/plugins/fr.ac6.mcu.externaltools.arm-none.win32_1.16.0.201807130628/tools/compiler/bin/../lib/gcc/arm-none-eabi/7.2.1/../../../../arm-none-eabi/lib/thumb/v7-m\libc_nano.a(lib_a-writer.o)
 .debug_frame   0x00002cd8       0x2c c:/ac6/systemworkbench/plugins/fr.ac6.mcu.externaltools.arm-none.win32_1.16.0.201807130628/tools/compiler/bin/../lib/gcc/arm-none-eabi/7.2.1/../../../../arm-none-eabi/lib/thumb/v7-m\libc_nano.a(lib_a-closer.o)
 .debug_frame   0x00002d04       0x2c c:/ac6/systemworkbench/plugins/fr.ac6.mcu.externaltools.arm-none.win32_1.16.0.201807130628/tools/compiler/bin/../lib/gcc/arm-none-eabi/7.2.1/../../../../arm-none-eabi/lib/thumb/v7-m\libc_nano.a(lib_a-fstatr.o)
 .debug_frame   0x00002d30       0x2c c:/ac6/systemworkbench/plugins/fr.ac6.mcu.externaltools.arm-none.win32_1.16.0.201807130628/tools/compiler/bin/../lib/gcc/arm-none-eabi/7.2.1/../../../../arm-none-eabi/lib/thumb/v7-m\libc_nano.a(lib_a-isattyr.o)
 .debug_frame   0x00002d5c       0x2c c:/ac6/systemworkbench/plugins/fr.ac6.mcu.externaltools.arm-none.win32_1.16.0.201807130628/tools/compiler/bin/../lib/gcc/arm-none-eabi/7.2.1/../../../../arm-none-eabi/lib/thumb/v7-m\libc_nano.a(lib_a-lseekr.o)
 .debug_frame   0x00002d88       0x28 c:/ac6/systemworkbench/plugins/fr.ac6.mcu.externaltools.arm-none.win32_1.16.0.201807130628/tools/compiler/bin/../lib/gcc/arm-none-eabi/7.2.1/../../../../arm-none-eabi/lib/thumb/v7-m\libc_nano.a(lib_a-memchr-stub.o)
 .debug_frame   0x00002db0       0x28 c:/ac6/systemworkbench/plugins/fr.ac6.mcu.externaltools.arm-none.win32_1.16.0.201807130628/tools/compiler/bin/../lib/gcc/arm-none-eabi/7.2.1/../../../../arm-none-eabi/lib/thumb/v7-m\libc_nano.a(lib_a-memcpy-stub.o)
 .debug_frame   0x00002dd8       0x28 c:/ac6/systemworkbench/plugins/fr.ac6.mcu.externaltools.arm-none.win32_1.16.0.201807130628/tools/compiler/bin/../lib/gcc/arm-none-eabi/7.2.1/../../../../arm-none-eabi/lib/thumb/v7-m\libc_nano.a(lib_a-memmove.o)
 .debug_frame   0x00002e00       0x30 c:/ac6/systemworkbench/plugins/fr.ac6.mcu.externaltools.arm-none.win32_1.16.0.201807130628/tools/compiler/bin/../lib/gcc/arm-none-eabi/7.2.1/../../../../arm-none-eabi/lib/thumb/v7-m\libc_nano.a(lib_a-mlock.o)
 .debug_frame   0x00002e30       0x3c c:/ac6/systemworkbench/plugins/fr.ac6.mcu.externaltools.arm-none.win32_1.16.0.201807130628/tools/compiler/bin/../lib/gcc/arm-none-eabi/7.2.1/../../../../arm-none-eabi/lib/thumb/v7-m\libc_nano.a(lib_a-nano-reallocr.o)
 .debug_frame   0x00002e6c       0x2c c:/ac6/systemworkbench/plugins/fr.ac6.mcu.externaltools.arm-none.win32_1.16.0.201807130628/tools/compiler/bin/../lib/gcc/arm-none-eabi/7.2.1/../../../../arm-none-eabi/lib/thumb/v7-m\libc_nano.a(lib_a-readr.o)
 .debug_frame   0x00002e98       0x5c c:/ac6/systemworkbench/plugins/fr.ac6.mcu.externaltools.arm-none.win32_1.16.0.201807130628/tools/compiler/bin/../lib/gcc/arm-none-eabi/7.2.1/../../../../arm-none-eabi/lib/thumb/v7-m\libc_nano.a(lib_a-reent.o)
 .debug_frame   0x00002ef4       0x20 c:/ac6/systemworkbench/plugins/fr.ac6.mcu.externaltools.arm-none.win32_1.16.0.201807130628/tools/compiler/bin/../lib/gcc/arm-none-eabi/7.2.1/../../../../arm-none-eabi/lib/thumb/v7-m\libc_nano.a(lib_a-nano-msizer.o)
 .debug_frame   0x00002f14       0x20 c:/ac6/systemworkbench/plugins/fr.ac6.mcu.externaltools.arm-none.win32_1.16.0.201807130628/tools/compiler/bin/../lib/gcc/arm-none-eabi/7.2.1/../../../../arm-none-eabi/lib/thumb/v7-m\libnosys.a(close.o)
 .debug_frame   0x00002f34       0x20 c:/ac6/systemworkbench/plugins/fr.ac6.mcu.externaltools.arm-none.win32_1.16.0.201807130628/tools/compiler/bin/../lib/gcc/arm-none-eabi/7.2.1/../../../../arm-none-eabi/lib/thumb/v7-m\libnosys.a(fstat.o)
 .debug_frame   0x00002f54       0x20 c:/ac6/systemworkbench/plugins/fr.ac6.mcu.externaltools.arm-none.win32_1.16.0.201807130628/tools/compiler/bin/../lib/gcc/arm-none-eabi/7.2.1/../../../../arm-none-eabi/lib/thumb/v7-m\libnosys.a(isatty.o)
 .debug_frame   0x00002f74       0x20 c:/ac6/systemworkbench/plugins/fr.ac6.mcu.externaltools.arm-none.win32_1.16.0.201807130628/tools/compiler/bin/../lib/gcc/arm-none-eabi/7.2.1/../../../../arm-none-eabi/lib/thumb/v7-m\libnosys.a(lseek.o)
 .debug_frame   0x00002f94       0x20 c:/ac6/systemworkbench/plugins/fr.ac6.mcu.externaltools.arm-none.win32_1.16.0.201807130628/tools/compiler/bin/../lib/gcc/arm-none-eabi/7.2.1/../../../../arm-none-eabi/lib/thumb/v7-m\libnosys.a(read.o)
 .debug_frame   0x00002fb4       0x20 c:/ac6/systemworkbench/plugins/fr.ac6.mcu.externaltools.arm-none.win32_1.16.0.201807130628/tools/compiler/bin/../lib/gcc/arm-none-eabi/7.2.1/../../../../arm-none-eabi/lib/thumb/v7-m\libnosys.a(sbrk.o)

.stab           0x00000000       0x84
 .stab          0x00000000       0x24 c:/ac6/systemworkbench/plugins/fr.ac6.mcu.externaltools.arm-none.win32_1.16.0.201807130628/tools/compiler/bin/../lib/gcc/arm-none-eabi/7.2.1/../../../../arm-none-eabi/lib/thumb/v7-m\libnosys.a(close.o)
 .stab          0x00000024       0x18 c:/ac6/systemworkbench/plugins/fr.ac6.mcu.externaltools.arm-none.win32_1.16.0.201807130628/tools/compiler/bin/../lib/gcc/arm-none-eabi/7.2.1/../../../../arm-none-eabi/lib/thumb/v7-m\libnosys.a(fstat.o)
                                 0x24 (size before relaxing)
 .stab          0x0000003c       0x18 c:/ac6/systemworkbench/plugins/fr.ac6.mcu.externaltools.arm-none.win32_1.16.0.201807130628/tools/compiler/bin/../lib/gcc/arm-none-eabi/7.2.1/../../../../arm-none-eabi/lib/thumb/v7-m\libnosys.a(isatty.o)
                                 0x24 (size before relaxing)
 .stab          0x00000054       0x18 c:/ac6/systemworkbench/plugins/fr.ac6.mcu.externaltools.arm-none.win32_1.16.0.201807130628/tools/compiler/bin/../lib/gcc/arm-none-eabi/7.2.1/../../../../arm-none-eabi/lib/thumb/v7-m\libnosys.a(lseek.o)
                                 0x24 (size before relaxing)
 .stab          0x0000006c       0x18 c:/ac6/systemworkbench/plugins/fr.ac6.mcu.externaltools.arm-none.win32_1.16.0.201807130628/tools/compiler/bin/../lib/gcc/arm-none-eabi/7.2.1/../../../../arm-none-eabi/lib/thumb/v7-m\libnosys.a(read.o)
                                 0x24 (size before relaxing)

.stabstr        0x00000000      0x117
 .stabstr       0x00000000      0x117 c:/ac6/systemworkbench/plugins/fr.ac6.mcu.externaltools.arm-none.win32_1.16.0.201807130628/tools/compiler/bin/../lib/gcc/arm-none-eabi/7.2.1/../../../../arm-none-eabi/lib/thumb/v7-m\libnosys.a(close.o)
